Archive member included to satisfy reference by file (symbol)

/home/yamaguchi/Ac6/SystemWorkbench/plugins/fr.ac6.mcu.externaltools.arm-none.linux64_1.17.0.201812190825/tools/compiler/bin/../lib/gcc/arm-none-eabi/7.3.1/thumb/v7e-m/fpv4-sp/hard/libgcc.a(_arm_addsubdf3.o)
                              Inc/duration.o (__aeabi_i2d)
/home/yamaguchi/Ac6/SystemWorkbench/plugins/fr.ac6.mcu.externaltools.arm-none.linux64_1.17.0.201812190825/tools/compiler/bin/../lib/gcc/arm-none-eabi/7.3.1/thumb/v7e-m/fpv4-sp/hard/libgcc.a(_arm_muldivdf3.o)
                              Inc/duration.o (__aeabi_dmul)
/home/yamaguchi/Ac6/SystemWorkbench/plugins/fr.ac6.mcu.externaltools.arm-none.linux64_1.17.0.201812190825/tools/compiler/bin/../lib/gcc/arm-none-eabi/7.3.1/thumb/v7e-m/fpv4-sp/hard/libgcc.a(_arm_fixdfsi.o)
                              Inc/duration.o (__aeabi_d2iz)
/home/yamaguchi/Ac6/SystemWorkbench/plugins/fr.ac6.mcu.externaltools.arm-none.linux64_1.17.0.201812190825/tools/compiler/bin/../lib/gcc/arm-none-eabi/7.3.1/../../../../arm-none-eabi/lib/thumb/v7e-m/fpv4-sp/hard/libc_nano.a(lib_a-errno.o)
                              Src/syscalls.o (__errno)
/home/yamaguchi/Ac6/SystemWorkbench/plugins/fr.ac6.mcu.externaltools.arm-none.linux64_1.17.0.201812190825/tools/compiler/bin/../lib/gcc/arm-none-eabi/7.3.1/../../../../arm-none-eabi/lib/thumb/v7e-m/fpv4-sp/hard/libc_nano.a(lib_a-exit.o)
                              /home/yamaguchi/Ac6/SystemWorkbench/plugins/fr.ac6.mcu.externaltools.arm-none.linux64_1.17.0.201812190825/tools/compiler/bin/../lib/gcc/arm-none-eabi/7.3.1/../../../../arm-none-eabi/lib/thumb/v7e-m/fpv4-sp/hard/crt0.o (exit)
/home/yamaguchi/Ac6/SystemWorkbench/plugins/fr.ac6.mcu.externaltools.arm-none.linux64_1.17.0.201812190825/tools/compiler/bin/../lib/gcc/arm-none-eabi/7.3.1/../../../../arm-none-eabi/lib/thumb/v7e-m/fpv4-sp/hard/libc_nano.a(lib_a-impure.o)
                              /home/yamaguchi/Ac6/SystemWorkbench/plugins/fr.ac6.mcu.externaltools.arm-none.linux64_1.17.0.201812190825/tools/compiler/bin/../lib/gcc/arm-none-eabi/7.3.1/../../../../arm-none-eabi/lib/thumb/v7e-m/fpv4-sp/hard/libc_nano.a(lib_a-exit.o) (_global_impure_ptr)
/home/yamaguchi/Ac6/SystemWorkbench/plugins/fr.ac6.mcu.externaltools.arm-none.linux64_1.17.0.201812190825/tools/compiler/bin/../lib/gcc/arm-none-eabi/7.3.1/../../../../arm-none-eabi/lib/thumb/v7e-m/fpv4-sp/hard/libc_nano.a(lib_a-init.o)
                              /home/yamaguchi/Ac6/SystemWorkbench/plugins/fr.ac6.mcu.externaltools.arm-none.linux64_1.17.0.201812190825/tools/compiler/bin/../lib/gcc/arm-none-eabi/7.3.1/../../../../arm-none-eabi/lib/thumb/v7e-m/fpv4-sp/hard/crt0.o (__libc_init_array)
/home/yamaguchi/Ac6/SystemWorkbench/plugins/fr.ac6.mcu.externaltools.arm-none.linux64_1.17.0.201812190825/tools/compiler/bin/../lib/gcc/arm-none-eabi/7.3.1/../../../../arm-none-eabi/lib/thumb/v7e-m/fpv4-sp/hard/libc_nano.a(lib_a-memcpy-stub.o)
                              Src/mainpp.o (memcpy)
/home/yamaguchi/Ac6/SystemWorkbench/plugins/fr.ac6.mcu.externaltools.arm-none.linux64_1.17.0.201812190825/tools/compiler/bin/../lib/gcc/arm-none-eabi/7.3.1/../../../../arm-none-eabi/lib/thumb/v7e-m/fpv4-sp/hard/libc_nano.a(lib_a-memset.o)
                              /home/yamaguchi/Ac6/SystemWorkbench/plugins/fr.ac6.mcu.externaltools.arm-none.linux64_1.17.0.201812190825/tools/compiler/bin/../lib/gcc/arm-none-eabi/7.3.1/../../../../arm-none-eabi/lib/thumb/v7e-m/fpv4-sp/hard/crt0.o (memset)
/home/yamaguchi/Ac6/SystemWorkbench/plugins/fr.ac6.mcu.externaltools.arm-none.linux64_1.17.0.201812190825/tools/compiler/bin/../lib/gcc/arm-none-eabi/7.3.1/../../../../arm-none-eabi/lib/thumb/v7e-m/fpv4-sp/hard/libc_nano.a(lib_a-realloc.o)
                              Src/mainpp.o (realloc)
/home/yamaguchi/Ac6/SystemWorkbench/plugins/fr.ac6.mcu.externaltools.arm-none.linux64_1.17.0.201812190825/tools/compiler/bin/../lib/gcc/arm-none-eabi/7.3.1/../../../../arm-none-eabi/lib/thumb/v7e-m/fpv4-sp/hard/libc_nano.a(lib_a-strlen.o)
                              Src/mainpp.o (strlen)
/home/yamaguchi/Ac6/SystemWorkbench/plugins/fr.ac6.mcu.externaltools.arm-none.linux64_1.17.0.201812190825/tools/compiler/bin/../lib/gcc/arm-none-eabi/7.3.1/../../../../arm-none-eabi/lib/thumb/v7e-m/fpv4-sp/hard/libc_nano.a(lib_a-nano-reallocr.o)
                              /home/yamaguchi/Ac6/SystemWorkbench/plugins/fr.ac6.mcu.externaltools.arm-none.linux64_1.17.0.201812190825/tools/compiler/bin/../lib/gcc/arm-none-eabi/7.3.1/../../../../arm-none-eabi/lib/thumb/v7e-m/fpv4-sp/hard/libc_nano.a(lib_a-realloc.o) (_realloc_r)
/home/yamaguchi/Ac6/SystemWorkbench/plugins/fr.ac6.mcu.externaltools.arm-none.linux64_1.17.0.201812190825/tools/compiler/bin/../lib/gcc/arm-none-eabi/7.3.1/../../../../arm-none-eabi/lib/thumb/v7e-m/fpv4-sp/hard/libc_nano.a(lib_a-nano-freer.o)
[...]
Memory Configuration

Name             Origin             Length             Attributes
RAM              0x0000000020000000 0x0000000000003000 xrw
CCMRAM           0x0000000010000000 0x0000000000001000 rw
FLASH            0x0000000008000000 0x0000000000010000 xr
*default*        0x0000000000000000 0xffffffffffffffff

Linker script and memory map

LOAD /home/yamaguchi/Ac6/SystemWorkbench/plugins/fr.ac6.mcu.externaltools.arm-none.linux64_1.17.0.201812190825/tools/compiler/bin/../lib/gcc/arm-none-eabi/7.3.1/thumb/v7e-m/fpv4-sp/hard/crti.o
LOAD /home/yamaguchi/Ac6/SystemWorkbench/plugins/fr.ac6.mcu.externaltools.arm-none.linux64_1.17.0.201812190825/tools/compiler/bin/../lib/gcc/arm-none-eabi/7.3.1/thumb/v7e-m/fpv4-sp/hard/crtbegin.o
LOAD /home/yamaguchi/Ac6/SystemWorkbench/plugins/fr.ac6.mcu.externaltools.arm-none.linux64_1.17.0.201812190825/tools/compiler/bin/../lib/gcc/arm-none-eabi/7.3.1/../../../../arm-none-eabi/lib/thumb/v7e-m/fpv4-sp/hard/crt0.o
LOAD Drivers/STM32F3xx_HAL_Driver/Src/stm32f3xx_hal.o
LOAD Drivers/STM32F3xx_HAL_Driver/Src/stm32f3xx_hal_cortex.o
LOAD Drivers/STM32F3xx_HAL_Driver/Src/stm32f3xx_hal_dma.o
LOAD Drivers/STM32F3xx_HAL_Driver/Src/stm32f3xx_hal_flash.o
LOAD Drivers/STM32F3xx_HAL_Driver/Src/stm32f3xx_hal_flash_ex.o
LOAD Drivers/STM32F3xx_HAL_Driver/Src/stm32f3xx_hal_gpio.o
LOAD Drivers/STM32F3xx_HAL_Driver/Src/stm32f3xx_hal_i2c.o
LOAD Drivers/STM32F3xx_HAL_Driver/Src/stm32f3xx_hal_i2c_ex.o
LOAD Drivers/STM32F3xx_HAL_Driver/Src/stm32f3xx_hal_pwr.o
LOAD Drivers/STM32F3xx_HAL_Driver/Src/stm32f3xx_hal_pwr_ex.o
LOAD Drivers/STM32F3xx_HAL_Driver/Src/stm32f3xx_hal_rcc.o
LOAD Drivers/STM32F3xx_HAL_Driver/Src/stm32f3xx_hal_rcc_ex.o
LOAD Drivers/STM32F3xx_HAL_Driver/Src/stm32f3xx_hal_tim.o
LOAD Drivers/STM32F3xx_HAL_Driver/Src/stm32f3xx_hal_tim_ex.o
LOAD Drivers/STM32F3xx_HAL_Driver/Src/stm32f3xx_hal_uart.o
LOAD Drivers/STM32F3xx_HAL_Driver/Src/stm32f3xx_hal_uart_ex.o
LOAD Inc/duration.o
LOAD Inc/time.o
LOAD Src/main.o
LOAD Src/mainpp.o
LOAD Src/stm32f3xx_hal_msp.o
LOAD Src/stm32f3xx_it.o
LOAD Src/syscalls.o
LOAD Src/system_stm32f3xx.o
LOAD startup/startup_stm32f303x8.o
LOAD /home/yamaguchi/Ac6/SystemWorkbench/plugins/fr.ac6.mcu.externaltools.arm-none.linux64_1.17.0.201812190825/tools/compiler/bin/../lib/gcc/arm-none-eabi/7.3.1/../../../../arm-none-eabi/lib/thumb/v7e-m/fpv4-sp/hard/libstdc++_nano.a
LOAD /home/yamaguchi/Ac6/SystemWorkbench/plugins/fr.ac6.mcu.externaltools.arm-none.linux64_1.17.0.201812190825/tools/compiler/bin/../lib/gcc/arm-none-eabi/7.3.1/../../../../arm-none-eabi/lib/thumb/v7e-m/fpv4-sp/hard/libm.a
START GROUP
LOAD /home/yamaguchi/Ac6/SystemWorkbench/plugins/fr.ac6.mcu.externaltools.arm-none.linux64_1.17.0.201812190825/tools/compiler/bin/../lib/gcc/arm-none-eabi/7.3.1/thumb/v7e-m/fpv4-sp/hard/libgcc.a
LOAD /home/yamaguchi/Ac6/SystemWorkbench/plugins/fr.ac6.mcu.externaltools.arm-none.linux64_1.17.0.201812190825/tools/compiler/bin/../lib/gcc/arm-none-eabi/7.3.1/../../../../arm-none-eabi/lib/thumb/v7e-m/fpv4-sp/hard/libc_nano.a
END GROUP
START GROUP
LOAD /home/yamaguchi/Ac6/SystemWorkbench/plugins/fr.ac6.mcu.externaltools.arm-none.linux64_1.17.0.201812190825/tools/compiler/bin/../lib/gcc/arm-none-eabi/7.3.1/thumb/v7e-m/fpv4-sp/hard/libgcc.a
LOAD /home/yamaguchi/Ac6/SystemWorkbench/plugins/fr.ac6.mcu.externaltools.arm-none.linux64_1.17.0.201812190825/tools/compiler/bin/../lib/gcc/arm-none-eabi/7.3.1/../../../../arm-none-eabi/lib/thumb/v7e-m/fpv4-sp/hard/libc_nano.a
LOAD /home/yamaguchi/Ac6/SystemWorkbench/plugins/fr.ac6.mcu.externaltools.arm-none.linux64_1.17.0.201812190825/tools/compiler/bin/../lib/gcc/arm-none-eabi/7.3.1/../../../../arm-none-eabi/lib/thumb/v7e-m/fpv4-sp/hard/libnosys.a
END GROUP
START GROUP
LOAD /home/yamaguchi/Ac6/SystemWorkbench/plugins/fr.ac6.mcu.externaltools.arm-none.linux64_1.17.0.201812190825/tools/compiler/bin/../lib/gcc/arm-none-eabi/7.3.1/thumb/v7e-m/fpv4-sp/hard/libgcc.a
LOAD /home/yamaguchi/Ac6/SystemWorkbench/plugins/fr.ac6.mcu.externaltools.arm-none.linux64_1.17.0.201812190825/tools/compiler/bin/../lib/gcc/arm-none-eabi/7.3.1/../../../../arm-none-eabi/lib/thumb/v7e-m/fpv4-sp/hard/libc_nano.a
LOAD /home/yamaguchi/Ac6/SystemWorkbench/plugins/fr.ac6.mcu.externaltools.arm-none.linux64_1.17.0.201812190825/tools/compiler/bin/../lib/gcc/arm-none-eabi/7.3.1/../../../../arm-none-eabi/lib/thumb/v7e-m/fpv4-sp/hard/libnosys.a
END GROUP
LOAD /home/yamaguchi/Ac6/SystemWorkbench/plugins/fr.ac6.mcu.externaltools.arm-none.linux64_1.17.0.201812190825/tools/compiler/bin/../lib/gcc/arm-none-eabi/7.3.1/thumb/v7e-m/fpv4-sp/hard/crtend.o
LOAD /home/yamaguchi/Ac6/SystemWorkbench/plugins/fr.ac6.mcu.externaltools.arm-none.linux64_1.17.0.201812190825/tools/compiler/bin/../lib/gcc/arm-none-eabi/7.3.1/thumb/v7e-m/fpv4-sp/hard/crtn.o
                0x0000000020003000                _estack = 0x20003000
                0x0000000000000200                _Min_Heap_Size = 0x200
                0x0000000000000400                _Min_Stack_Size = 0x400

.isr_vector     0x0000000008000000      0x188
                0x0000000008000000                . = ALIGN (0x4)
 *(.isr_vector)
 .isr_vector    0x0000000008000000      0x188 startup/startup_stm32f303x8.o
                0x0000000008000000                g_pfnVectors
                0x0000000008000188                . = ALIGN (0x4)

.text           0x0000000008000188     0x4110
                0x0000000008000188                . = ALIGN (0x4)
 *(.text)
 .text          0x0000000008000188       0x40 /home/yamaguchi/Ac6/SystemWorkbench/plugins/fr.ac6.mcu.externaltools.arm-none.linux64_1.17.0.201812190825/tools/compiler/bin/../lib/gcc/arm-none-eabi/7.3.1/thumb/v7e-m/fpv4-sp/hard/crtbegin.o
 .text          0x00000000080001c8       0x10 /home/yamaguchi/Ac6/SystemWorkbench/plugins/fr.ac6.mcu.externaltools.arm-none.linux64_1.17.0.201812190825/tools/compiler/bin/../lib/gcc/arm-none-eabi/7.3.1/../../../../arm-none-eabi/lib/thumb/v7e-m/fpv4-sp/hard/libc_nano.a(lib_a-strlen.o)
                0x00000000080001c8                strlen
 *(.text*)
 .text.HAL_InitTick
                0x00000000080001d8       0x2c Drivers/STM32F3xx_HAL_Driver/Src/stm32f3xx_hal.o
                0x00000000080001d8                HAL_InitTick
 .text.HAL_Init
                0x0000000008000204       0x24 Drivers/STM32F3xx_HAL_Driver/Src/stm32f3xx_hal.o
                0x0000000008000204                HAL_Init
 .text.HAL_IncTick
                0x0000000008000228       0x10 Drivers/STM32F3xx_HAL_Driver/Src/stm32f3xx_hal.o
                0x0000000008000228                HAL_IncTick
 .text.HAL_GetTick
                0x0000000008000238        0xc Drivers/STM32F3xx_HAL_Driver/Src/stm32f3xx_hal.o
                0x0000000008000238                HAL_GetTick
 .text.HAL_Delay
                0x0000000008000244       0x24 Drivers/STM32F3xx_HAL_Driver/Src/stm32f3xx_hal.o
                0x0000000008000244                HAL_Delay
 .text.HAL_NVIC_SetPriorityGrouping
                0x0000000008000268       0x24 Drivers/STM32F3xx_HAL_Driver/Src/stm32f3xx_hal_cortex.o
                0x0000000008000268                HAL_NVIC_SetPriorityGrouping
 .text.HAL_NVIC_SetPriority
                0x000000000800028c       0x6c Drivers/STM32F3xx_HAL_Driver/Src/stm32f3xx_hal_cortex.o
                0x000000000800028c                HAL_NVIC_SetPriority
 .text.HAL_NVIC_EnableIRQ
                0x00000000080002f8       0x18 Drivers/STM32F3xx_HAL_Driver/Src/stm32f3xx_hal_cortex.o
                0x00000000080002f8                HAL_NVIC_EnableIRQ
 .text.HAL_SYSTICK_Config
                0x0000000008000310       0x34 Drivers/STM32F3xx_HAL_Driver/Src/stm32f3xx_hal_cortex.o
                0x0000000008000310                HAL_SYSTICK_Config
 .text.HAL_SYSTICK_CLKSourceConfig
                0x0000000008000344       0x18 Drivers/STM32F3xx_HAL_Driver/Src/stm32f3xx_hal_cortex.o
                0x0000000008000344                HAL_SYSTICK_CLKSourceConfig
 .text.HAL_SYSTICK_Callback
                0x000000000800035c        0x4 Drivers/STM32F3xx_HAL_Driver/Src/stm32f3xx_hal_cortex.o
                0x000000000800035c                HAL_SYSTICK_Callback
 .text.HAL_SYSTICK_IRQHandler
                0x0000000008000360        0x8 Drivers/STM32F3xx_HAL_Driver/Src/stm32f3xx_hal_cortex.o
                0x0000000008000360                HAL_SYSTICK_IRQHandler
 .text.HAL_DMA_Init
                0x0000000008000368       0x70 Drivers/STM32F3xx_HAL_Driver/Src/stm32f3xx_hal_dma.o
                0x0000000008000368                HAL_DMA_Init
 .text.HAL_DMA_Start_IT
                0x00000000080003d8       0x80 Drivers/STM32F3xx_HAL_Driver/Src/stm32f3xx_hal_dma.o
                0x00000000080003d8                HAL_DMA_Start_IT
 .text.HAL_DMA_Abort_IT
                0x0000000008000458       0x48 Drivers/STM32F3xx_HAL_Driver/Src/stm32f3xx_hal_dma.o
                0x0000000008000458                HAL_DMA_Abort_IT
 .text.HAL_DMA_IRQHandler
                0x00000000080004a0       0x9c Drivers/STM32F3xx_HAL_Driver/Src/stm32f3xx_hal_dma.o
                0x00000000080004a0                HAL_DMA_IRQHandler
 .text.HAL_GPIO_Init
                0x000000000800053c      0x1a4 Drivers/STM32F3xx_HAL_Driver/Src/stm32f3xx_hal_gpio.o
                0x000000000800053c                HAL_GPIO_Init
 .text.HAL_GPIO_WritePin
                0x00000000080006e0        0xc Drivers/STM32F3xx_HAL_Driver/Src/stm32f3xx_hal_gpio.o
                0x00000000080006e0                HAL_GPIO_WritePin
 .text.HAL_GPIO_TogglePin
                0x00000000080006ec        0x8 Drivers/STM32F3xx_HAL_Driver/Src/stm32f3xx_hal_gpio.o
                0x00000000080006ec                HAL_GPIO_TogglePin
 .text.HAL_I2CEx_EnableFastModePlus
                0x00000000080006f4       0x2c Drivers/STM32F3xx_HAL_Driver/Src/stm32f3xx_hal_i2c_ex.o
                0x00000000080006f4                HAL_I2CEx_EnableFastModePlus
 .text.HAL_RCC_OscConfig
                0x0000000008000720      0x59c Drivers/STM32F3xx_HAL_Driver/Src/stm32f3xx_hal_rcc.o
                0x0000000008000720                HAL_RCC_OscConfig
 .text.HAL_RCC_GetSysClockFreq
                0x0000000008000cbc       0x68 Drivers/STM32F3xx_HAL_Driver/Src/stm32f3xx_hal_rcc.o
                0x0000000008000cbc                HAL_RCC_GetSysClockFreq
 .text.HAL_RCC_ClockConfig
                0x0000000008000d24      0x18c Drivers/STM32F3xx_HAL_Driver/Src/stm32f3xx_hal_rcc.o
                0x0000000008000d24                HAL_RCC_ClockConfig
 .text.HAL_RCC_GetHCLKFreq
                0x0000000008000eb0        0xc Drivers/STM32F3xx_HAL_Driver/Src/stm32f3xx_hal_rcc.o
                0x0000000008000eb0                HAL_RCC_GetHCLKFreq
 .text.HAL_RCC_GetPCLK1Freq
                0x0000000008000ebc       0x30 Drivers/STM32F3xx_HAL_Driver/Src/stm32f3xx_hal_rcc.o
                0x0000000008000ebc                HAL_RCC_GetPCLK1Freq
 .text.HAL_RCC_GetPCLK2Freq
                0x0000000008000eec       0x30 Drivers/STM32F3xx_HAL_Driver/Src/stm32f3xx_hal_rcc.o
                0x0000000008000eec                HAL_RCC_GetPCLK2Freq
 .text.HAL_TIM_ConfigClockSource
                0x0000000008000f1c      0x194 Drivers/STM32F3xx_HAL_Driver/Src/stm32f3xx_hal_tim.o
                0x0000000008000f1c                HAL_TIM_ConfigClockSource
 .text.TIM_Base_SetConfig
                0x00000000080010b0       0xc8 Drivers/STM32F3xx_HAL_Driver/Src/stm32f3xx_hal_tim.o
                0x00000000080010b0                TIM_Base_SetConfig
 .text.HAL_TIM_Base_Init
                0x0000000008001178       0x38 Drivers/STM32F3xx_HAL_Driver/Src/stm32f3xx_hal_tim.o
                0x0000000008001178                HAL_TIM_Base_Init
 .text.HAL_TIMEx_MasterConfigSynchronization
                0x00000000080011b0       0x4c Drivers/STM32F3xx_HAL_Driver/Src/stm32f3xx_hal_tim_ex.o
                0x00000000080011b0                HAL_TIMEx_MasterConfigSynchronization
 .text.HAL_UART_Transmit_DMA
                0x00000000080011fc       0x7c Drivers/STM32F3xx_HAL_Driver/Src/stm32f3xx_hal_uart.o
                0x00000000080011fc                HAL_UART_Transmit_DMA
 .text.HAL_UART_Receive_DMA
                0x0000000008001278       0x84 Drivers/STM32F3xx_HAL_Driver/Src/stm32f3xx_hal_uart.o
                0x0000000008001278                HAL_UART_Receive_DMA
 .text.UART_DMATransmitCplt
                0x00000000080012fc       0x2c Drivers/STM32F3xx_HAL_Driver/Src/stm32f3xx_hal_uart.o
 .text.HAL_UART_TxHalfCpltCallback
                0x0000000008001328        0x4 Drivers/STM32F3xx_HAL_Driver/Src/stm32f3xx_hal_uart.o
                0x0000000008001328                HAL_UART_TxHalfCpltCallback
 .text.UART_DMATxHalfCplt
                0x000000000800132c        0xc Drivers/STM32F3xx_HAL_Driver/Src/stm32f3xx_hal_uart.o
 .text.UART_DMAReceiveCplt
                0x0000000008001338       0x38 Drivers/STM32F3xx_HAL_Driver/Src/stm32f3xx_hal_uart.o
 .text.HAL_UART_RxHalfCpltCallback
                0x0000000008001370        0x4 Drivers/STM32F3xx_HAL_Driver/Src/stm32f3xx_hal_uart.o
                0x0000000008001370                HAL_UART_RxHalfCpltCallback
 .text.UART_DMARxHalfCplt
                0x0000000008001374        0xc Drivers/STM32F3xx_HAL_Driver/Src/stm32f3xx_hal_uart.o
 .text.HAL_UART_ErrorCallback
                0x0000000008001380        0x4 Drivers/STM32F3xx_HAL_Driver/Src/stm32f3xx_hal_uart.o
                0x0000000008001380                HAL_UART_ErrorCallback
 .text.UART_DMAError
                0x0000000008001384       0x68 Drivers/STM32F3xx_HAL_Driver/Src/stm32f3xx_hal_uart.o
 .text.UART_DMAAbortOnError
                0x00000000080013ec       0x18 Drivers/STM32F3xx_HAL_Driver/Src/stm32f3xx_hal_uart.o
 .text.UART_SetConfig
                0x0000000008001404      0x184 Drivers/STM32F3xx_HAL_Driver/Src/stm32f3xx_hal_uart.o
                0x0000000008001404                UART_SetConfig
 .text.UART_AdvFeatureConfig
                0x0000000008001588       0xb0 Drivers/STM32F3xx_HAL_Driver/Src/stm32f3xx_hal_uart.o
                0x0000000008001588                UART_AdvFeatureConfig
 .text.UART_WaitOnFlagUntilTimeout
                0x0000000008001638       0x64 Drivers/STM32F3xx_HAL_Driver/Src/stm32f3xx_hal_uart.o
                0x0000000008001638                UART_WaitOnFlagUntilTimeout
 .text.UART_CheckIdleState
                0x000000000800169c       0x70 Drivers/STM32F3xx_HAL_Driver/Src/stm32f3xx_hal_uart.o
                0x000000000800169c                UART_CheckIdleState
 .text.HAL_UART_Init
                0x000000000800170c       0x6c Drivers/STM32F3xx_HAL_Driver/Src/stm32f3xx_hal_uart.o
                0x000000000800170c                HAL_UART_Init
 .text.UART_Transmit_IT
                0x0000000008001778       0x60 Drivers/STM32F3xx_HAL_Driver/Src/stm32f3xx_hal_uart.o
                0x0000000008001778                UART_Transmit_IT
 .text.UART_Receive_IT
                0x00000000080017d8       0x74 Drivers/STM32F3xx_HAL_Driver/Src/stm32f3xx_hal_uart.o
                0x00000000080017d8                UART_Receive_IT
 .text.HAL_UART_IRQHandler
                0x000000000800184c      0x160 Drivers/STM32F3xx_HAL_Driver/Src/stm32f3xx_hal_uart.o
                0x000000000800184c                HAL_UART_IRQHandler
 .text.HAL_UARTEx_WakeupCallback
                0x00000000080019ac        0x4 Drivers/STM32F3xx_HAL_Driver/Src/stm32f3xx_hal_uart_ex.o
                0x00000000080019ac                HAL_UARTEx_WakeupCallback
 .text._ZN3ros16normalizeSecNSecERmS0_
                0x00000000080019b0       0x28 Inc/time.o
                0x00000000080019b0                ros::normalizeSecNSec(unsigned long&, unsigned long&)
 .text._Z18SystemClock_Configv
                0x00000000080019d8       0x6c Src/main.o
                0x00000000080019d8                SystemClock_Config()
 .text.startup.main
                0x0000000008001a44      0x128 Src/main.o
                0x0000000008001a44                main
 .text._Error_Handler
                0x0000000008001b6c        0x4 Src/main.o
                0x0000000008001b6c                _Error_Handler
 .text._ZNK8std_msgs4Time9serializeEPh
                0x0000000008001b70       0x28 Src/mainpp.o
                0x0000000008001b70                std_msgs::Time::serialize(unsigned char*) const
 .text._ZN8std_msgs4Time11deserializeEPh
                0x0000000008001b98       0x3c Src/mainpp.o
                0x0000000008001b98                std_msgs::Time::deserialize(unsigned char*)
 .text._ZN8std_msgs4Time7getTypeEv
                0x0000000008001bd4        0x8 Src/mainpp.o
                0x0000000008001bd4                std_msgs::Time::getType()
 .text._ZN8std_msgs4Time6getMD5Ev
                0x0000000008001bdc        0x8 Src/mainpp.o
                0x0000000008001bdc                std_msgs::Time::getMD5()
 .text._ZN14rosserial_msgs9TopicInfo11deserializeEPh
                0x0000000008001be4       0xdc Src/mainpp.o
                0x0000000008001be4                rosserial_msgs::TopicInfo::deserialize(unsigned char*)
 .text._ZN14rosserial_msgs9TopicInfo7getTypeEv
                0x0000000008001cc0        0x8 Src/mainpp.o
                0x0000000008001cc0                rosserial_msgs::TopicInfo::getType()
 .text._ZN14rosserial_msgs9TopicInfo6getMD5Ev
                0x0000000008001cc8        0x8 Src/mainpp.o
                0x0000000008001cc8                rosserial_msgs::TopicInfo::getMD5()
 .text._ZN14rosserial_msgs3Log11deserializeEPh
                0x0000000008001cd0       0x44 Src/mainpp.o
                0x0000000008001cd0                rosserial_msgs::Log::deserialize(unsigned char*)
 .text._ZN14rosserial_msgs3Log7getTypeEv
                0x0000000008001d14        0x8 Src/mainpp.o
                0x0000000008001d14                rosserial_msgs::Log::getType()
 .text._ZN14rosserial_msgs3Log6getMD5Ev
                0x0000000008001d1c        0x8 Src/mainpp.o
                0x0000000008001d1c                rosserial_msgs::Log::getMD5()
 .text._ZN14rosserial_msgs20RequestParamResponse7getTypeEv
                0x0000000008001d24        0x8 Src/mainpp.o
                0x0000000008001d24                rosserial_msgs::RequestParamResponse::getType()
 .text._ZN14rosserial_msgs20RequestParamResponse6getMD5Ev
                0x0000000008001d2c        0x8 Src/mainpp.o
                0x0000000008001d2c                rosserial_msgs::RequestParamResponse::getMD5()
 .text._ZN8std_msgs6String11deserializeEPh
                0x0000000008001d34       0x40 Src/mainpp.o
                0x0000000008001d34                std_msgs::String::deserialize(unsigned char*)
 .text._ZN8std_msgs6String7getTypeEv
                0x0000000008001d74        0x8 Src/mainpp.o
                0x0000000008001d74                std_msgs::String::getType()
 .text._ZN8std_msgs6String6getMD5Ev
                0x0000000008001d7c        0x8 Src/mainpp.o
                0x0000000008001d7c                std_msgs::String::getMD5()
 .text._ZN3ros11NodeHandle_I13STM32HardwareLi25ELi25ELi512ELi512EE9connectedEv
                0x0000000008001d84        0x8 Src/mainpp.o
                0x0000000008001d84                ros::NodeHandle_<STM32Hardware, 25, 25, 512, 512>::connected()
 .text._ZNK8std_msgs6String9serializeEPh
                0x0000000008001d8c       0x2c Src/mainpp.o
                0x0000000008001d8c                std_msgs::String::serialize(unsigned char*) const
 .text._ZNK14rosserial_msgs20RequestParamResponse9serializeEPh
                0x0000000008001db8      0x140 Src/mainpp.o
                0x0000000008001db8                rosserial_msgs::RequestParamResponse::serialize(unsigned char*) const
 .text._ZNK14rosserial_msgs3Log9serializeEPh
                0x0000000008001ef8       0x30 Src/mainpp.o
                0x0000000008001ef8                rosserial_msgs::Log::serialize(unsigned char*) const
 .text._ZNK14rosserial_msgs9TopicInfo9serializeEPh
                0x0000000008001f28       0x98 Src/mainpp.o
                0x0000000008001f28                rosserial_msgs::TopicInfo::serialize(unsigned char*) const
 .text._ZN14rosserial_msgs20RequestParamResponse11deserializeEPh
                0x0000000008001fc0      0x1ac Src/mainpp.o
                0x0000000008001fc0                rosserial_msgs::RequestParamResponse::deserialize(unsigned char*)
 .text._ZN3ros11NodeHandle_I13STM32HardwareLi25ELi25ELi512ELi512EE7publishEiPKNS_3MsgE
                0x000000000800216c      0x26c Src/mainpp.o
                0x000000000800216c                ros::NodeHandle_<STM32Hardware, 25, 25, 512, 512>::publish(int, ros::Msg const*)
 .text.HAL_UART_TxCpltCallback
                0x00000000080023d8       0x5c Src/mainpp.o
                0x00000000080023d8                HAL_UART_TxCpltCallback
 .text.HAL_UART_RxCpltCallback
                0x0000000008002434       0x14 Src/mainpp.o
                0x0000000008002434                HAL_UART_RxCpltCallback
 .text.setup    0x0000000008002448       0x60 Src/mainpp.o
                0x0000000008002448                setup
 .text._ZN3ros11NodeHandle_I13STM32HardwareLi25ELi25ELi512ELi512EE15requestSyncTimeEv
                0x00000000080024a8      0x134 Src/mainpp.o
                0x00000000080024a8                ros::NodeHandle_<STM32Hardware, 25, 25, 512, 512>::requestSyncTime()
 .text._ZN3ros11NodeHandle_I13STM32HardwareLi25ELi25ELi512ELi512EE15negotiateTopicsEv
                0x00000000080025dc      0x708 Src/mainpp.o
                0x00000000080025dc                ros::NodeHandle_<STM32Hardware, 25, 25, 512, 512>::negotiateTopics()
 .text._ZN3ros11NodeHandle_I13STM32HardwareLi25ELi25ELi512ELi512EE8spinOnceEv
                0x0000000008002ce4      0x6a8 Src/mainpp.o
                0x0000000008002ce4                ros::NodeHandle_<STM32Hardware, 25, 25, 512, 512>::spinOnce()
 .text.loop     0x000000000800338c      0x918 Src/mainpp.o
                0x000000000800338c                loop
 .text.startup._GLOBAL__sub_I_nh
                0x0000000008003ca4       0xcc Src/mainpp.o
 .text.HAL_MspInit
                0x0000000008003d70       0x7c Src/stm32f3xx_hal_msp.o
                0x0000000008003d70                HAL_MspInit
 .text.HAL_TIM_Base_MspInit
                0x0000000008003dec       0x28 Src/stm32f3xx_hal_msp.o
                0x0000000008003dec                HAL_TIM_Base_MspInit
 .text.HAL_UART_MspInit
                0x0000000008003e14       0xec Src/stm32f3xx_hal_msp.o
                0x0000000008003e14                HAL_UART_MspInit
 .text.SysTick_Handler
                0x0000000008003f00       0x10 Src/stm32f3xx_it.o
                0x0000000008003f00                SysTick_Handler
 .text.DMA1_Channel6_IRQHandler
                0x0000000008003f10        0xc Src/stm32f3xx_it.o
                0x0000000008003f10                DMA1_Channel6_IRQHandler
 .text.DMA1_Channel7_IRQHandler
                0x0000000008003f1c        0xc Src/stm32f3xx_it.o
                0x0000000008003f1c                DMA1_Channel7_IRQHandler
 .text.USART2_IRQHandler
                0x0000000008003f28        0xc Src/stm32f3xx_it.o
                0x0000000008003f28                USART2_IRQHandler
 .text._sbrk    0x0000000008003f34       0x3c Src/syscalls.o
                0x0000000008003f34                _sbrk
 .text.SystemInit
                0x0000000008003f70       0x70 Src/system_stm32f3xx.o
                0x0000000008003f70                SystemInit
 .text.Reset_Handler
                0x0000000008003fe0       0x50 startup/startup_stm32f303x8.o
                0x0000000008003fe0                Reset_Handler
 .text.Default_Handler
                0x0000000008004030        0x2 startup/startup_stm32f303x8.o
                0x0000000008004030                RTC_Alarm_IRQHandler
                0x0000000008004030                DebugMon_Handler
                0x0000000008004030                TIM1_CC_IRQHandler
                0x0000000008004030                HardFault_Handler
                0x0000000008004030                PVD_IRQHandler
                0x0000000008004030                TAMP_STAMP_IRQHandler
                0x0000000008004030                PendSV_Handler
                0x0000000008004030                NMI_Handler
                0x0000000008004030                EXTI3_IRQHandler
                0x0000000008004030                EXTI0_IRQHandler
                0x0000000008004030                FPU_IRQHandler
                0x0000000008004030                CAN_TX_IRQHandler
                0x0000000008004030                TIM1_UP_TIM16_IRQHandler
                0x0000000008004030                UsageFault_Handler
                0x0000000008004030                ADC1_2_IRQHandler
                0x0000000008004030                SPI1_IRQHandler
                0x0000000008004030                CAN_SCE_IRQHandler
                0x0000000008004030                DMA1_Channel4_IRQHandler
                0x0000000008004030                USART3_IRQHandler
                0x0000000008004030                TIM7_DAC2_IRQHandler
                0x0000000008004030                CAN_RX1_IRQHandler
                0x0000000008004030                I2C1_EV_IRQHandler
                0x0000000008004030                TIM3_IRQHandler
                0x0000000008004030                RCC_IRQHandler
                0x0000000008004030                DMA1_Channel1_IRQHandler
                0x0000000008004030                Default_Handler
                0x0000000008004030                EXTI15_10_IRQHandler
                0x0000000008004030                COMP2_IRQHandler
                0x0000000008004030                TIM6_DAC1_IRQHandler
                0x0000000008004030                EXTI9_5_IRQHandler
                0x0000000008004030                RTC_WKUP_IRQHandler
                0x0000000008004030                MemManage_Handler
                0x0000000008004030                SVC_Handler
                0x0000000008004030                DMA1_Channel5_IRQHandler
                0x0000000008004030                EXTI4_IRQHandler
                0x0000000008004030                TIM1_TRG_COM_TIM17_IRQHandler
                0x0000000008004030                DMA1_Channel3_IRQHandler
                0x0000000008004030                WWDG_IRQHandler
                0x0000000008004030                TIM2_IRQHandler
                0x0000000008004030                EXTI1_IRQHandler
                0x0000000008004030                COMP4_6_IRQHandler
                0x0000000008004030                DMA1_Channel2_IRQHandler
                0x0000000008004030                FLASH_IRQHandler
                0x0000000008004030                BusFault_Handler
                0x0000000008004030                USART1_IRQHandler
                0x0000000008004030                CAN_RX0_IRQHandler
                0x0000000008004030                I2C1_ER_IRQHandler
                0x0000000008004030                EXTI2_TSC_IRQHandler
                0x0000000008004030                TIM1_BRK_TIM15_IRQHandler
 *fill*         0x0000000008004032        0x2 
 .text.__errno  0x0000000008004034        0xc /home/yamaguchi/Ac6/SystemWorkbench/plugins/fr.ac6.mcu.externaltools.arm-none.linux64_1.17.0.201812190825/tools/compiler/bin/../lib/gcc/arm-none-eabi/7.3.1/../../../../arm-none-eabi/lib/thumb/v7e-m/fpv4-sp/hard/libc_nano.a(lib_a-errno.o)
                0x0000000008004034                __errno
 .text.__libc_init_array
                0x0000000008004040       0x48 /home/yamaguchi/Ac6/SystemWorkbench/plugins/fr.ac6.mcu.externaltools.arm-none.linux64_1.17.0.201812190825/tools/compiler/bin/../lib/gcc/arm-none-eabi/7.3.1/../../../../arm-none-eabi/lib/thumb/v7e-m/fpv4-sp/hard/libc_nano.a(lib_a-init.o)
                0x0000000008004040                __libc_init_array
 .text.memcpy   0x0000000008004088       0x16 /home/yamaguchi/Ac6/SystemWorkbench/plugins/fr.ac6.mcu.externaltools.arm-none.linux64_1.17.0.201812190825/tools/compiler/bin/../lib/gcc/arm-none-eabi/7.3.1/../../../../arm-none-eabi/lib/thumb/v7e-m/fpv4-sp/hard/libc_nano.a(lib_a-memcpy-stub.o)
                0x0000000008004088                memcpy
 *fill*         0x000000000800409e        0x2 
 .text.realloc  0x00000000080040a0       0x10 /home/yamaguchi/Ac6/SystemWorkbench/plugins/fr.ac6.mcu.externaltools.arm-none.linux64_1.17.0.201812190825/tools/compiler/bin/../lib/gcc/arm-none-eabi/7.3.1/../../../../arm-none-eabi/lib/thumb/v7e-m/fpv4-sp/hard/libc_nano.a(lib_a-realloc.o)
                0x00000000080040a0                realloc
 .text._realloc_r
                0x00000000080040b0       0x4c /home/yamaguchi/Ac6/SystemWorkbench/plugins/fr.ac6.mcu.externaltools.arm-none.linux64_1.17.0.201812190825/tools/compiler/bin/../lib/gcc/arm-none-eabi/7.3.1/../../../../arm-none-eabi/lib/thumb/v7e-m/fpv4-sp/hard/libc_nano.a(lib_a-nano-reallocr.o)
                0x00000000080040b0                _realloc_r
 .text._free_r  0x00000000080040fc       0x9c /home/yamaguchi/Ac6/SystemWorkbench/plugins/fr.ac6.mcu.externaltools.arm-none.linux64_1.17.0.201812190825/tools/compiler/bin/../lib/gcc/arm-none-eabi/7.3.1/../../../../arm-none-eabi/lib/thumb/v7e-m/fpv4-sp/hard/libc_nano.a(lib_a-nano-freer.o)
                0x00000000080040fc                _free_r
 .text._malloc_r
                0x0000000008004198       0xb4 /home/yamaguchi/Ac6/SystemWorkbench/plugins/fr.ac6.mcu.externaltools.arm-none.linux64_1.17.0.201812190825/tools/compiler/bin/../lib/gcc/arm-none-eabi/7.3.1/../../../../arm-none-eabi/lib/thumb/v7e-m/fpv4-sp/hard/libc_nano.a(lib_a-nano-mallocr.o)
                0x0000000008004198                _malloc_r
 .text._malloc_usable_size_r
                0x000000000800424c       0x10 /home/yamaguchi/Ac6/SystemWorkbench/plugins/fr.ac6.mcu.externaltools.arm-none.linux64_1.17.0.201812190825/tools/compiler/bin/../lib/gcc/arm-none-eabi/7.3.1/../../../../arm-none-eabi/lib/thumb/v7e-m/fpv4-sp/hard/libc_nano.a(lib_a-nano-msizer.o)
                0x000000000800424c                _malloc_usable_size_r
 .text._sbrk_r  0x000000000800425c       0x20 /home/yamaguchi/Ac6/SystemWorkbench/plugins/fr.ac6.mcu.externaltools.arm-none.linux64_1.17.0.201812190825/tools/compiler/bin/../lib/gcc/arm-none-eabi/7.3.1/../../../../arm-none-eabi/lib/thumb/v7e-m/fpv4-sp/hard/libc_nano.a(lib_a-sbrkr.o)
                0x000000000800425c                _sbrk_r
 .text.__malloc_lock
                0x000000000800427c        0x2 /home/yamaguchi/Ac6/SystemWorkbench/plugins/fr.ac6.mcu.externaltools.arm-none.linux64_1.17.0.201812190825/tools/compiler/bin/../lib/gcc/arm-none-eabi/7.3.1/../../../../arm-none-eabi/lib/thumb/v7e-m/fpv4-sp/hard/libc_nano.a(lib_a-mlock.o)
                0x000000000800427c                __malloc_lock
 .text.__malloc_unlock
                0x000000000800427e        0x2 /home/yamaguchi/Ac6/SystemWorkbench/plugins/fr.ac6.mcu.externaltools.arm-none.linux64_1.17.0.201812190825/tools/compiler/bin/../lib/gcc/arm-none-eabi/7.3.1/../../../../arm-none-eabi/lib/thumb/v7e-m/fpv4-sp/hard/libc_nano.a(lib_a-mlock.o)
                0x000000000800427e                __malloc_unlock
 *(.glue_7)
 .glue_7        0x0000000008004280        0x0 linker stubs
 *(.glue_7t)
 .glue_7t       0x0000000008004280        0x0 linker stubs
 *(.eh_frame)
 .eh_frame      0x0000000008004280        0x0 /home/yamaguchi/Ac6/SystemWorkbench/plugins/fr.ac6.mcu.externaltools.arm-none.linux64_1.17.0.201812190825/tools/compiler/bin/../lib/gcc/arm-none-eabi/7.3.1/thumb/v7e-m/fpv4-sp/hard/crtbegin.o
 *(.init)
 .init          0x0000000008004280        0x4 /home/yamaguchi/Ac6/SystemWorkbench/plugins/fr.ac6.mcu.externaltools.arm-none.linux64_1.17.0.201812190825/tools/compiler/bin/../lib/gcc/arm-none-eabi/7.3.1/thumb/v7e-m/fpv4-sp/hard/crti.o
                0x0000000008004280                _init
 .init          0x0000000008004284        0x8 /home/yamaguchi/Ac6/SystemWorkbench/plugins/fr.ac6.mcu.externaltools.arm-none.linux64_1.17.0.201812190825/tools/compiler/bin/../lib/gcc/arm-none-eabi/7.3.1/thumb/v7e-m/fpv4-sp/hard/crtn.o
 *(.fini)
 .fini          0x000000000800428c        0x4 /home/yamaguchi/Ac6/SystemWorkbench/plugins/fr.ac6.mcu.externaltools.arm-none.linux64_1.17.0.201812190825/tools/compiler/bin/../lib/gcc/arm-none-eabi/7.3.1/thumb/v7e-m/fpv4-sp/hard/crti.o
                0x000000000800428c                _fini
 .fini          0x0000000008004290        0x8 /home/yamaguchi/Ac6/SystemWorkbench/plugins/fr.ac6.mcu.externaltools.arm-none.linux64_1.17.0.201812190825/tools/compiler/bin/../lib/gcc/arm-none-eabi/7.3.1/thumb/v7e-m/fpv4-sp/hard/crtn.o
                0x0000000008004298                . = ALIGN (0x4)
                0x0000000008004298                _etext = .

.vfp11_veneer   0x0000000008004298        0x0
 .vfp11_veneer  0x0000000008004298        0x0 linker stubs

.v4_bx          0x0000000008004298        0x0
 .v4_bx         0x0000000008004298        0x0 linker stubs

.iplt           0x0000000008004298        0x0
 .iplt          0x0000000008004298        0x0 /home/yamaguchi/Ac6/SystemWorkbench/plugins/fr.ac6.mcu.externaltools.arm-none.linux64_1.17.0.201812190825/tools/compiler/bin/../lib/gcc/arm-none-eabi/7.3.1/thumb/v7e-m/fpv4-sp/hard/crtbegin.o

.rodata         0x0000000008004298      0x248
                0x0000000008004298                . = ALIGN (0x4)
 *(.rodata)
 .rodata        0x0000000008004298       0x20 Drivers/STM32F3xx_HAL_Driver/Src/stm32f3xx_hal_rcc.o
                0x0000000008004298                aPLLMULFactorTable
                0x00000000080042a8                aPredivFactorTable
 .rodata        0x00000000080042b8        0x4 Drivers/STM32F3xx_HAL_Driver/Src/stm32f3xx_hal_uart.o
 .rodata        0x00000000080042bc       0x1c Src/mainpp.o
 .rodata        0x00000000080042d8       0x18 Src/system_stm32f3xx.o
                0x00000000080042d8                AHBPrescTable
                0x00000000080042e8                APBPrescTable
 *(.rodata*)
 .rodata._ZTVN8std_msgs4TimeE
                0x00000000080042f0       0x18 Src/mainpp.o
                0x00000000080042f0                vtable for std_msgs::Time
 .rodata._ZTVN14rosserial_msgs9TopicInfoE
                0x0000000008004308       0x18 Src/mainpp.o
                0x0000000008004308                vtable for rosserial_msgs::TopicInfo
 .rodata._ZTVN14rosserial_msgs3LogE
                0x0000000008004320       0x18 Src/mainpp.o
                0x0000000008004320                vtable for rosserial_msgs::Log
 .rodata._ZTVN14rosserial_msgs20RequestParamResponseE
                0x0000000008004338       0x18 Src/mainpp.o
                0x0000000008004338                vtable for rosserial_msgs::RequestParamResponse
 .rodata._ZTVN8std_msgs6StringE
                0x0000000008004350       0x18 Src/mainpp.o
                0x0000000008004350                vtable for std_msgs::String
 .rodata._ZTVN3ros11NodeHandle_I13STM32HardwareLi25ELi25ELi512ELi512EEE
                0x0000000008004368       0x14 Src/mainpp.o
                0x0000000008004368                vtable for ros::NodeHandle_<STM32Hardware, 25, 25, 512, 512>
 .rodata._ZN14rosserial_msgs20RequestParamResponse6getMD5Ev.str1.4
                0x000000000800437c       0x21 Src/mainpp.o
 *fill*         0x000000000800439d        0x3 
 .rodata._ZN14rosserial_msgs3Log6getMD5Ev.str1.4
                0x00000000080043a0       0x21 Src/mainpp.o
 *fill*         0x00000000080043c1        0x3 
 .rodata._ZN14rosserial_msgs3Log7getTypeEv.str1.4
                0x00000000080043c4       0x13 Src/mainpp.o
 *fill*         0x00000000080043d7        0x1 
 .rodata._ZN14rosserial_msgs9TopicInfo6getMD5Ev.str1.4
                0x00000000080043d8       0x21 Src/mainpp.o
 *fill*         0x00000000080043f9        0x3 
 .rodata._ZN14rosserial_msgs9TopicInfo7getTypeEv.str1.4
                0x00000000080043fc       0x19 Src/mainpp.o
 .rodata._ZN3ros11NodeHandle_I13STM32HardwareLi25ELi25ELi512ELi512EE15negotiateTopicsEv.str1.4
                0x0000000008004415       0x19 Src/mainpp.o
                                          0x1 (size before relaxing)
 *fill*         0x0000000008004415        0x3 
 .rodata._ZN8std_msgs4Time6getMD5Ev.str1.4
                0x0000000008004418       0x21 Src/mainpp.o
 *fill*         0x0000000008004439        0x3 
 .rodata._ZN8std_msgs4Time7getTypeEv.str1.4
                0x000000000800443c        0xe Src/mainpp.o
 *fill*         0x000000000800444a        0x2 
 .rodata._ZN8std_msgs6String6getMD5Ev.str1.4
                0x000000000800444c       0x21 Src/mainpp.o
 *fill*         0x000000000800446d        0x3 
 .rodata._ZN8std_msgs6String7getTypeEv.str1.4
                0x0000000008004470       0x10 Src/mainpp.o
 .rodata.str1.4
                0x0000000008004480       0x44 Src/mainpp.o
 .rodata.str1.4
                0x00000000080044c4       0x1c Src/stm32f3xx_hal_msp.o
                                         0x1b (size before relaxing)
                0x00000000080044e0                . = ALIGN (0x4)

.rel.dyn        0x00000000080044e0        0x0
 .rel.iplt      0x00000000080044e0        0x0 /home/yamaguchi/Ac6/SystemWorkbench/plugins/fr.ac6.mcu.externaltools.arm-none.linux64_1.17.0.201812190825/tools/compiler/bin/../lib/gcc/arm-none-eabi/7.3.1/thumb/v7e-m/fpv4-sp/hard/crtbegin.o

.ARM.extab
 *(.ARM.extab* .gnu.linkonce.armextab.*)

.ARM            0x00000000080044e0        0x0
                0x00000000080044e0                __exidx_start = .
 *(.ARM.exidx*)
                0x00000000080044e0                __exidx_end = .

.preinit_array  0x00000000080044e0        0x0
                0x00000000080044e0                PROVIDE (__preinit_array_start = .)
 *(.preinit_array*)
                0x00000000080044e0                PROVIDE (__preinit_array_end = .)

.init_array     0x00000000080044e0        0x8
                0x00000000080044e0                PROVIDE (__init_array_start = .)
 *(SORT_BY_NAME(.init_array.*))
 *(.init_array*)
 .init_array    0x00000000080044e0        0x4 /home/yamaguchi/Ac6/SystemWorkbench/plugins/fr.ac6.mcu.externaltools.arm-none.linux64_1.17.0.201812190825/tools/compiler/bin/../lib/gcc/arm-none-eabi/7.3.1/thumb/v7e-m/fpv4-sp/hard/crtbegin.o
 .init_array    0x00000000080044e4        0x4 Src/mainpp.o
                0x00000000080044e8                PROVIDE (__init_array_end = .)

.fini_array     0x00000000080044e8        0x4
                [!provide]                        PROVIDE (__fini_array_start = .)
 *(SORT_BY_NAME(.fini_array.*))
 *(.fini_array*)
 .fini_array    0x00000000080044e8        0x4 /home/yamaguchi/Ac6/SystemWorkbench/plugins/fr.ac6.mcu.externaltools.arm-none.linux64_1.17.0.201812190825/tools/compiler/bin/../lib/gcc/arm-none-eabi/7.3.1/thumb/v7e-m/fpv4-sp/hard/crtbegin.o
                [!provide]                        PROVIDE (__fini_array_end = .)
                0x00000000080044ec                _sidata = LOADADDR (.data)

.data           0x0000000020000000       0x78 load address 0x00000000080044ec
                0x0000000020000000                . = ALIGN (0x4)
                0x0000000020000000                _sdata = .
 *(.data)
 .data          0x0000000020000000        0xd Src/mainpp.o
                0x0000000020000000                hello
 *fill*         0x000000002000000d        0x3 
 .data          0x0000000020000010        0x4 Src/system_stm32f3xx.o
                0x0000000020000010                SystemCoreClock
 *(.data*)
 .data._impure_ptr
                0x0000000020000014        0x4 /home/yamaguchi/Ac6/SystemWorkbench/plugins/fr.ac6.mcu.externaltools.arm-none.linux64_1.17.0.201812190825/tools/compiler/bin/../lib/gcc/arm-none-eabi/7.3.1/../../../../arm-none-eabi/lib/thumb/v7e-m/fpv4-sp/hard/libc_nano.a(lib_a-impure.o)
                0x0000000020000014                _impure_ptr
 .data.impure_data
                0x0000000020000018       0x60 /home/yamaguchi/Ac6/SystemWorkbench/plugins/fr.ac6.mcu.externaltools.arm-none.linux64_1.17.0.201812190825/tools/compiler/bin/../lib/gcc/arm-none-eabi/7.3.1/../../../../arm-none-eabi/lib/thumb/v7e-m/fpv4-sp/hard/libc_nano.a(lib_a-impure.o)
                0x0000000020000078                . = ALIGN (0x4)
                0x0000000020000078                _edata = .
                0x0000000008004564                _siccmram = LOADADDR (.ccmram)

.igot.plt       0x0000000020000078        0x0 load address 0x0000000008004564
 .igot.plt      0x0000000020000078        0x0 /home/yamaguchi/Ac6/SystemWorkbench/plugins/fr.ac6.mcu.externaltools.arm-none.linux64_1.17.0.201812190825/tools/compiler/bin/../lib/gcc/arm-none-eabi/7.3.1/thumb/v7e-m/fpv4-sp/hard/crtbegin.o

.ccmram         0x0000000010000000        0x0 load address 0x0000000008004564
                0x0000000010000000                . = ALIGN (0x4)
                0x0000000010000000                _sccmram = .
 *(.ccmram)
 *(.ccmram*)
                0x0000000010000000                . = ALIGN (0x4)
                0x0000000010000000                _eccmram = .
                0x0000000010000000                . = ALIGN (0x4)

.bss            0x0000000020000078      0xac8
                0x0000000020000078                _sbss = .
                0x0000000020000078                __bss_start__ = _sbss
 *(.bss)
 .bss           0x0000000020000078       0x1c /home/yamaguchi/Ac6/SystemWorkbench/plugins/fr.ac6.mcu.externaltools.arm-none.linux64_1.17.0.201812190825/tools/compiler/bin/../lib/gcc/arm-none-eabi/7.3.1/thumb/v7e-m/fpv4-sp/hard/crtbegin.o
 .bss           0x0000000020000094      0x138 Src/main.o
                0x0000000020000094                htim2
                0x00000000200000d4                huart2
                0x0000000020000144                hdma_usart2_tx
                0x0000000020000188                hdma_usart2_rx
 .bss           0x00000000200001cc      0x958 Src/mainpp.o
                0x00000000200001cc                nh
                0x0000000020000b08                chatter
                0x0000000020000b1c                str_msg
 .bss           0x0000000020000b24        0x8 Src/syscalls.o
                0x0000000020000b28                __env
 *(.bss*)
 .bss._ZZN13STM32Hardware5flushEvE5mutex
                0x0000000020000b2c        0x1 Src/mainpp.o
                0x0000000020000b2c                STM32Hardware::flush()::mutex
 *fill*         0x0000000020000b2d        0x3 
 .bss.__malloc_free_list
                0x0000000020000b30        0x4 /home/yamaguchi/Ac6/SystemWorkbench/plugins/fr.ac6.mcu.externaltools.arm-none.linux64_1.17.0.201812190825/tools/compiler/bin/../lib/gcc/arm-none-eabi/7.3.1/../../../../arm-none-eabi/lib/thumb/v7e-m/fpv4-sp/hard/libc_nano.a(lib_a-nano-mallocr.o)
                0x0000000020000b30                __malloc_free_list
 .bss.__malloc_sbrk_start
                0x0000000020000b34        0x4 /home/yamaguchi/Ac6/SystemWorkbench/plugins/fr.ac6.mcu.externaltools.arm-none.linux64_1.17.0.201812190825/tools/compiler/bin/../lib/gcc/arm-none-eabi/7.3.1/../../../../arm-none-eabi/lib/thumb/v7e-m/fpv4-sp/hard/libc_nano.a(lib_a-nano-mallocr.o)
                0x0000000020000b34                __malloc_sbrk_start
 *(COMMON)
 COMMON         0x0000000020000b38        0x4 Drivers/STM32F3xx_HAL_Driver/Src/stm32f3xx_hal.o
                0x0000000020000b38                uwTick
 COMMON         0x0000000020000b3c        0x4 /home/yamaguchi/Ac6/SystemWorkbench/plugins/fr.ac6.mcu.externaltools.arm-none.linux64_1.17.0.201812190825/tools/compiler/bin/../lib/gcc/arm-none-eabi/7.3.1/../../../../arm-none-eabi/lib/thumb/v7e-m/fpv4-sp/hard/libc_nano.a(lib_a-reent.o)
                0x0000000020000b3c                errno
                0x0000000020000b40                . = ALIGN (0x4)
                0x0000000020000b40                _ebss = .
                0x0000000020000b40                __bss_end__ = _ebss

._user_heap_stack
                0x0000000020000b40      0x600
                0x0000000020000b40                . = ALIGN (0x8)
                0x0000000020000b40                PROVIDE (end = .)
                [!provide]                        PROVIDE (_end = .)
                0x0000000020000d40                . = (. + _Min_Heap_Size)
 *fill*         0x0000000020000b40      0x200 
                0x0000000020001140                . = (. + _Min_Stack_Size)
 *fill*         0x0000000020000d40      0x400 
                0x0000000020001140                . = ALIGN (0x8)

/DISCARD/
 libc.a(*)
 libm.a(*)
 libgcc.a(*)

.ARM.attributes
                0x0000000000000000       0x30
 *(.ARM.attributes)
 .ARM.attributes
                0x0000000000000000       0x22 /home/yamaguchi/Ac6/SystemWorkbench/plugins/fr.ac6.mcu.externaltools.arm-none.linux64_1.17.0.201812190825/tools/compiler/bin/../lib/gcc/arm-none-eabi/7.3.1/thumb/v7e-m/fpv4-sp/hard/crti.o
 .ARM.attributes
                0x0000000000000022       0x34 /home/yamaguchi/Ac6/SystemWorkbench/plugins/fr.ac6.mcu.externaltools.arm-none.linux64_1.17.0.201812190825/tools/compiler/bin/../lib/gcc/arm-none-eabi/7.3.1/thumb/v7e-m/fpv4-sp/hard/crtbegin.o
 .ARM.attributes
                0x0000000000000056       0x39 Drivers/STM32F3xx_HAL_Driver/Src/stm32f3xx_hal.o
 .ARM.attributes
                0x000000000000008f       0x39 Drivers/STM32F3xx_HAL_Driver/Src/stm32f3xx_hal_cortex.o
 .ARM.attributes
                0x00000000000000c8       0x39 Drivers/STM32F3xx_HAL_Driver/Src/stm32f3xx_hal_dma.o
 .ARM.attributes
                0x0000000000000101       0x39 Drivers/STM32F3xx_HAL_Driver/Src/stm32f3xx_hal_gpio.o
 .ARM.attributes
                0x000000000000013a       0x39 Drivers/STM32F3xx_HAL_Driver/Src/stm32f3xx_hal_i2c_ex.o
 .ARM.attributes
                0x0000000000000173       0x39 Drivers/STM32F3xx_HAL_Driver/Src/stm32f3xx_hal_rcc.o
 .ARM.attributes
                0x00000000000001ac       0x39 Drivers/STM32F3xx_HAL_Driver/Src/stm32f3xx_hal_tim.o
 .ARM.attributes
                0x00000000000001e5       0x39 Drivers/STM32F3xx_HAL_Driver/Src/stm32f3xx_hal_tim_ex.o
 .ARM.attributes
                0x000000000000021e       0x39 Drivers/STM32F3xx_HAL_Driver/Src/stm32f3xx_hal_uart.o
 .ARM.attributes
                0x0000000000000257       0x39 Drivers/STM32F3xx_HAL_Driver/Src/stm32f3xx_hal_uart_ex.o
 .ARM.attributes
                0x0000000000000290       0x39 Inc/time.o
 .ARM.attributes
                0x00000000000002c9       0x39 Src/main.o
 .ARM.attributes
                0x0000000000000302       0x39 Src/mainpp.o
 .ARM.attributes
                0x000000000000033b       0x39 Src/stm32f3xx_hal_msp.o
 .ARM.attributes
                0x0000000000000374       0x39 Src/stm32f3xx_it.o
 .ARM.attributes
                0x00000000000003ad       0x39 Src/syscalls.o
 .ARM.attributes
                0x00000000000003e6       0x39 Src/system_stm32f3xx.o
 .ARM.attributes
                0x000000000000041f       0x21 startup/startup_stm32f303x8.o
 .ARM.attributes
                0x0000000000000440       0x34 /home/yamaguchi/Ac6/SystemWorkbench/plugins/fr.ac6.mcu.externaltools.arm-none.linux64_1.17.0.201812190825/tools/compiler/bin/../lib/gcc/arm-none-eabi/7.3.1/../../../../arm-none-eabi/lib/thumb/v7e-m/fpv4-sp/hard/libc_nano.a(lib_a-errno.o)
 .ARM.attributes
                0x0000000000000474       0x34 /home/yamaguchi/Ac6/SystemWorkbench/plugins/fr.ac6.mcu.externaltools.arm-none.linux64_1.17.0.201812190825/tools/compiler/bin/../lib/gcc/arm-none-eabi/7.3.1/../../../../arm-none-eabi/lib/thumb/v7e-m/fpv4-sp/hard/libc_nano.a(lib_a-impure.o)
 .ARM.attributes
                0x00000000000004a8       0x34 /home/yamaguchi/Ac6/SystemWorkbench/plugins/fr.ac6.mcu.externaltools.arm-none.linux64_1.17.0.201812190825/tools/compiler/bin/../lib/gcc/arm-none-eabi/7.3.1/../../../../arm-none-eabi/lib/thumb/v7e-m/fpv4-sp/hard/libc_nano.a(lib_a-init.o)
 .ARM.attributes
                0x00000000000004dc       0x34 /home/yamaguchi/Ac6/SystemWorkbench/plugins/fr.ac6.mcu.externaltools.arm-none.linux64_1.17.0.201812190825/tools/compiler/bin/../lib/gcc/arm-none-eabi/7.3.1/../../../../arm-none-eabi/lib/thumb/v7e-m/fpv4-sp/hard/libc_nano.a(lib_a-memcpy-stub.o)
 .ARM.attributes
                0x0000000000000510       0x34 /home/yamaguchi/Ac6/SystemWorkbench/plugins/fr.ac6.mcu.externaltools.arm-none.linux64_1.17.0.201812190825/tools/compiler/bin/../lib/gcc/arm-none-eabi/7.3.1/../../../../arm-none-eabi/lib/thumb/v7e-m/fpv4-sp/hard/libc_nano.a(lib_a-realloc.o)
 .ARM.attributes
                0x0000000000000544       0x1b /home/yamaguchi/Ac6/SystemWorkbench/plugins/fr.ac6.mcu.externaltools.arm-none.linux64_1.17.0.201812190825/tools/compiler/bin/../lib/gcc/arm-none-eabi/7.3.1/../../../../arm-none-eabi/lib/thumb/v7e-m/fpv4-sp/hard/libc_nano.a(lib_a-strlen.o)
 .ARM.attributes
                0x000000000000055f       0x34 /home/yamaguchi/Ac6/SystemWorkbench/plugins/fr.ac6.mcu.externaltools.arm-none.linux64_1.17.0.201812190825/tools/compiler/bin/../lib/gcc/arm-none-eabi/7.3.1/../../../../arm-none-eabi/lib/thumb/v7e-m/fpv4-sp/hard/libc_nano.a(lib_a-nano-reallocr.o)
 .ARM.attributes
                0x0000000000000593       0x34 /home/yamaguchi/Ac6/SystemWorkbench/plugins/fr.ac6.mcu.externaltools.arm-none.linux64_1.17.0.201812190825/tools/compiler/bin/../lib/gcc/arm-none-eabi/7.3.1/../../../../arm-none-eabi/lib/thumb/v7e-m/fpv4-sp/hard/libc_nano.a(lib_a-nano-freer.o)
 .ARM.attributes
                0x00000000000005c7       0x34 /home/yamaguchi/Ac6/SystemWorkbench/plugins/fr.ac6.mcu.externaltools.arm-none.linux64_1.17.0.201812190825/tools/compiler/bin/../lib/gcc/arm-none-eabi/7.3.1/../../../../arm-none-eabi/lib/thumb/v7e-m/fpv4-sp/hard/libc_nano.a(lib_a-nano-mallocr.o)
 .ARM.attributes
                0x00000000000005fb       0x34 /home/yamaguchi/Ac6/SystemWorkbench/plugins/fr.ac6.mcu.externaltools.arm-none.linux64_1.17.0.201812190825/tools/compiler/bin/../lib/gcc/arm-none-eabi/7.3.1/../../../../arm-none-eabi/lib/thumb/v7e-m/fpv4-sp/hard/libc_nano.a(lib_a-nano-msizer.o)
 .ARM.attributes
                0x000000000000062f       0x34 /home/yamaguchi/Ac6/SystemWorkbench/plugins/fr.ac6.mcu.externaltools.arm-none.linux64_1.17.0.201812190825/tools/compiler/bin/../lib/gcc/arm-none-eabi/7.3.1/../../../../arm-none-eabi/lib/thumb/v7e-m/fpv4-sp/hard/libc_nano.a(lib_a-sbrkr.o)
 .ARM.attributes
                0x0000000000000663       0x34 /home/yamaguchi/Ac6/SystemWorkbench/plugins/fr.ac6.mcu.externaltools.arm-none.linux64_1.17.0.201812190825/tools/compiler/bin/../lib/gcc/arm-none-eabi/7.3.1/../../../../arm-none-eabi/lib/thumb/v7e-m/fpv4-sp/hard/libc_nano.a(lib_a-mlock.o)
 .ARM.attributes
                0x0000000000000697       0x34 /home/yamaguchi/Ac6/SystemWorkbench/plugins/fr.ac6.mcu.externaltools.arm-none.linux64_1.17.0.201812190825/tools/compiler/bin/../lib/gcc/arm-none-eabi/7.3.1/../../../../arm-none-eabi/lib/thumb/v7e-m/fpv4-sp/hard/libc_nano.a(lib_a-reent.o)
 .ARM.attributes
                0x00000000000006cb       0x22 /home/yamaguchi/Ac6/SystemWorkbench/plugins/fr.ac6.mcu.externaltools.arm-none.linux64_1.17.0.201812190825/tools/compiler/bin/../lib/gcc/arm-none-eabi/7.3.1/thumb/v7e-m/fpv4-sp/hard/crtn.o
OUTPUT(chatter.elf elf32-littlearm)

.debug_info     0x0000000000000000    0x1eb44
 .debug_info    0x0000000000000000      0xf35 Drivers/STM32F3xx_HAL_Driver/Src/stm32f3xx_hal.o
 .debug_info    0x0000000000000f35     0x1478 Drivers/STM32F3xx_HAL_Driver/Src/stm32f3xx_hal_cortex.o
 .debug_info    0x00000000000023ad     0x1055 Drivers/STM32F3xx_HAL_Driver/Src/stm32f3xx_hal_dma.o
 .debug_info    0x0000000000003402      0xfaa Drivers/STM32F3xx_HAL_Driver/Src/stm32f3xx_hal_gpio.o
 .debug_info    0x00000000000043ac     0x1160 Drivers/STM32F3xx_HAL_Driver/Src/stm32f3xx_hal_i2c_ex.o
 .debug_info    0x000000000000550c     0x1b52 Drivers/STM32F3xx_HAL_Driver/Src/stm32f3xx_hal_rcc.o
 .debug_info    0x000000000000705e     0x405f Drivers/STM32F3xx_HAL_Driver/Src/stm32f3xx_hal_tim.o
 .debug_info    0x000000000000b0bd     0x1f15 Drivers/STM32F3xx_HAL_Driver/Src/stm32f3xx_hal_tim_ex.o
 .debug_info    0x000000000000cfd2     0x229a Drivers/STM32F3xx_HAL_Driver/Src/stm32f3xx_hal_uart.o
 .debug_info    0x000000000000f26c     0x1145 Drivers/STM32F3xx_HAL_Driver/Src/stm32f3xx_hal_uart_ex.o
 .debug_info    0x00000000000103b1     0x14b2 Inc/time.o
 .debug_info    0x0000000000011863     0x1b49 Src/main.o
 .debug_info    0x00000000000133ac     0x7486 Src/mainpp.o
 .debug_info    0x000000000001a832     0x179c Src/stm32f3xx_hal_msp.o
 .debug_info    0x000000000001bfce      0xf2e Src/stm32f3xx_it.o
 .debug_info    0x000000000001cefc      0xff9 Src/syscalls.o
 .debug_info    0x000000000001def5      0xc2d Src/system_stm32f3xx.o
 .debug_info    0x000000000001eb22       0x22 startup/startup_stm32f303x8.o

.debug_abbrev   0x0000000000000000     0x3b29
 .debug_abbrev  0x0000000000000000      0x2f0 Drivers/STM32F3xx_HAL_Driver/Src/stm32f3xx_hal.o
 .debug_abbrev  0x00000000000002f0      0x3a9 Drivers/STM32F3xx_HAL_Driver/Src/stm32f3xx_hal_cortex.o
 .debug_abbrev  0x0000000000000699      0x2f1 Drivers/STM32F3xx_HAL_Driver/Src/stm32f3xx_hal_dma.o
 .debug_abbrev  0x000000000000098a      0x2b4 Drivers/STM32F3xx_HAL_Driver/Src/stm32f3xx_hal_gpio.o
 .debug_abbrev  0x0000000000000c3e      0x255 Drivers/STM32F3xx_HAL_Driver/Src/stm32f3xx_hal_i2c_ex.o
 .debug_abbrev  0x0000000000000e93      0x391 Drivers/STM32F3xx_HAL_Driver/Src/stm32f3xx_hal_rcc.o
 .debug_abbrev  0x0000000000001224      0x3fb Drivers/STM32F3xx_HAL_Driver/Src/stm32f3xx_hal_tim.o
 .debug_abbrev  0x000000000000161f      0x396 Drivers/STM32F3xx_HAL_Driver/Src/stm32f3xx_hal_tim_ex.o
 .debug_abbrev  0x00000000000019b5      0x3fc Drivers/STM32F3xx_HAL_Driver/Src/stm32f3xx_hal_uart.o
 .debug_abbrev  0x0000000000001db1      0x2c6 Drivers/STM32F3xx_HAL_Driver/Src/stm32f3xx_hal_uart_ex.o
 .debug_abbrev  0x0000000000002077      0x3d7 Inc/time.o
 .debug_abbrev  0x000000000000244e      0x365 Src/main.o
 .debug_abbrev  0x00000000000027b3      0x9b5 Src/mainpp.o
 .debug_abbrev  0x0000000000003168      0x292 Src/stm32f3xx_hal_msp.o
 .debug_abbrev  0x00000000000033fa      0x206 Src/stm32f3xx_it.o
 .debug_abbrev  0x0000000000003600      0x312 Src/syscalls.o
 .debug_abbrev  0x0000000000003912      0x205 Src/system_stm32f3xx.o
 .debug_abbrev  0x0000000000003b17       0x12 startup/startup_stm32f303x8.o

.debug_loc      0x0000000000000000     0xc4cf
 .debug_loc     0x0000000000000000       0x69 Drivers/STM32F3xx_HAL_Driver/Src/stm32f3xx_hal.o
 .debug_loc     0x0000000000000069      0x5a8 Drivers/STM32F3xx_HAL_Driver/Src/stm32f3xx_hal_cortex.o
 .debug_loc     0x0000000000000611      0x6c4 Drivers/STM32F3xx_HAL_Driver/Src/stm32f3xx_hal_dma.o
 .debug_loc     0x0000000000000cd5      0x3d7 Drivers/STM32F3xx_HAL_Driver/Src/stm32f3xx_hal_gpio.o
 .debug_loc     0x00000000000010ac      0x1be Drivers/STM32F3xx_HAL_Driver/Src/stm32f3xx_hal_i2c_ex.o
 .debug_loc     0x000000000000126a      0x8cf Drivers/STM32F3xx_HAL_Driver/Src/stm32f3xx_hal_rcc.o
 .debug_loc     0x0000000000001b39     0x4114 Drivers/STM32F3xx_HAL_Driver/Src/stm32f3xx_hal_tim.o
 .debug_loc     0x0000000000005c4d     0x14b8 Drivers/STM32F3xx_HAL_Driver/Src/stm32f3xx_hal_tim_ex.o
 .debug_loc     0x0000000000007105     0x175e Drivers/STM32F3xx_HAL_Driver/Src/stm32f3xx_hal_uart.o
 .debug_loc     0x0000000000008863      0x360 Drivers/STM32F3xx_HAL_Driver/Src/stm32f3xx_hal_uart_ex.o
 .debug_loc     0x0000000000008bc3      0x117 Inc/time.o
 .debug_loc     0x0000000000008cda     0x32eb Src/mainpp.o
 .debug_loc     0x000000000000bfc5       0x4a Src/stm32f3xx_hal_msp.o
 .debug_loc     0x000000000000c00f      0x3b7 Src/syscalls.o
 .debug_loc     0x000000000000c3c6      0x109 Src/system_stm32f3xx.o

.debug_aranges  0x0000000000000000      0xb40
 .debug_aranges
                0x0000000000000000       0xc0 Drivers/STM32F3xx_HAL_Driver/Src/stm32f3xx_hal.o
 .debug_aranges
                0x00000000000000c0       0x90 Drivers/STM32F3xx_HAL_Driver/Src/stm32f3xx_hal_cortex.o
 .debug_aranges
                0x0000000000000150       0x78 Drivers/STM32F3xx_HAL_Driver/Src/stm32f3xx_hal_dma.o
 .debug_aranges
                0x00000000000001c8       0x58 Drivers/STM32F3xx_HAL_Driver/Src/stm32f3xx_hal_gpio.o
 .debug_aranges
                0x0000000000000220       0x48 Drivers/STM32F3xx_HAL_Driver/Src/stm32f3xx_hal_i2c_ex.o
 .debug_aranges
                0x0000000000000268       0x88 Drivers/STM32F3xx_HAL_Driver/Src/stm32f3xx_hal_rcc.o
 .debug_aranges
                0x00000000000002f0      0x268 Drivers/STM32F3xx_HAL_Driver/Src/stm32f3xx_hal_tim.o
 .debug_aranges
                0x0000000000000558      0x118 Drivers/STM32F3xx_HAL_Driver/Src/stm32f3xx_hal_tim_ex.o
 .debug_aranges
                0x0000000000000670      0x198 Drivers/STM32F3xx_HAL_Driver/Src/stm32f3xx_hal_uart.o
 .debug_aranges
                0x0000000000000808       0x48 Drivers/STM32F3xx_HAL_Driver/Src/stm32f3xx_hal_uart_ex.o
 .debug_aranges
                0x0000000000000850       0x38 Inc/time.o
 .debug_aranges
                0x0000000000000888       0x30 Src/main.o
 .debug_aranges
                0x00000000000008b8      0x110 Src/mainpp.o
 .debug_aranges
                0x00000000000009c8       0x40 Src/stm32f3xx_hal_msp.o
 .debug_aranges
                0x0000000000000a08       0x38 Src/stm32f3xx_it.o
 .debug_aranges
                0x0000000000000a40       0xb0 Src/syscalls.o
 .debug_aranges
                0x0000000000000af0       0x28 Src/system_stm32f3xx.o
 .debug_aranges
                0x0000000000000b18       0x28 startup/startup_stm32f303x8.o

.debug_ranges   0x0000000000000000     0x1f48
 .debug_ranges  0x0000000000000000       0xb0 Drivers/STM32F3xx_HAL_Driver/Src/stm32f3xx_hal.o
 .debug_ranges  0x00000000000000b0      0x120 Drivers/STM32F3xx_HAL_Driver/Src/stm32f3xx_hal_cortex.o
 .debug_ranges  0x00000000000001d0      0x118 Drivers/STM32F3xx_HAL_Driver/Src/stm32f3xx_hal_dma.o
 .debug_ranges  0x00000000000002e8       0x60 Drivers/STM32F3xx_HAL_Driver/Src/stm32f3xx_hal_gpio.o
 .debug_ranges  0x0000000000000348       0x78 Drivers/STM32F3xx_HAL_Driver/Src/stm32f3xx_hal_i2c_ex.o
 .debug_ranges  0x00000000000003c0      0x268 Drivers/STM32F3xx_HAL_Driver/Src/stm32f3xx_hal_rcc.o
 .debug_ranges  0x0000000000000628      0x458 Drivers/STM32F3xx_HAL_Driver/Src/stm32f3xx_hal_tim.o
 .debug_ranges  0x0000000000000a80      0x108 Drivers/STM32F3xx_HAL_Driver/Src/stm32f3xx_hal_tim_ex.o
 .debug_ranges  0x0000000000000b88      0x1a0 Drivers/STM32F3xx_HAL_Driver/Src/stm32f3xx_hal_uart.o
 .debug_ranges  0x0000000000000d28       0x38 Drivers/STM32F3xx_HAL_Driver/Src/stm32f3xx_hal_uart_ex.o
 .debug_ranges  0x0000000000000d60       0x88 Inc/time.o
 .debug_ranges  0x0000000000000de8       0xa8 Src/main.o
 .debug_ranges  0x0000000000000e90      0xf18 Src/mainpp.o
 .debug_ranges  0x0000000000001da8       0xa0 Src/stm32f3xx_hal_msp.o
 .debug_ranges  0x0000000000001e48       0x28 Src/stm32f3xx_it.o
 .debug_ranges  0x0000000000001e70       0xa0 Src/syscalls.o
 .debug_ranges  0x0000000000001f10       0x18 Src/system_stm32f3xx.o
 .debug_ranges  0x0000000000001f28       0x20 startup/startup_stm32f303x8.o

.debug_macro    0x0000000000000000    0x1b1f7
 .debug_macro   0x0000000000000000      0x345 Drivers/STM32F3xx_HAL_Driver/Src/stm32f3xx_hal.o
 .debug_macro   0x0000000000000345      0xa60 Drivers/STM32F3xx_HAL_Driver/Src/stm32f3xx_hal.o
 .debug_macro   0x0000000000000da5       0x58 Drivers/STM32F3xx_HAL_Driver/Src/stm32f3xx_hal.o
 .debug_macro   0x0000000000000dfd       0xa5 Drivers/STM32F3xx_HAL_Driver/Src/stm32f3xx_hal.o
 .debug_macro   0x0000000000000ea2       0x2f Drivers/STM32F3xx_HAL_Driver/Src/stm32f3xx_hal.o
 .debug_macro   0x0000000000000ed1       0x28 Drivers/STM32F3xx_HAL_Driver/Src/stm32f3xx_hal.o
 .debug_macro   0x0000000000000ef9       0x22 Drivers/STM32F3xx_HAL_Driver/Src/stm32f3xx_hal.o
 .debug_macro   0x0000000000000f1b       0x8e Drivers/STM32F3xx_HAL_Driver/Src/stm32f3xx_hal.o
 .debug_macro   0x0000000000000fa9       0x51 Drivers/STM32F3xx_HAL_Driver/Src/stm32f3xx_hal.o
 .debug_macro   0x0000000000000ffa       0xef Drivers/STM32F3xx_HAL_Driver/Src/stm32f3xx_hal.o
 .debug_macro   0x00000000000010e9       0x6a Drivers/STM32F3xx_HAL_Driver/Src/stm32f3xx_hal.o
 .debug_macro   0x0000000000001153      0x1df Drivers/STM32F3xx_HAL_Driver/Src/stm32f3xx_hal.o
 .debug_macro   0x0000000000001332       0x35 Drivers/STM32F3xx_HAL_Driver/Src/stm32f3xx_hal.o
 .debug_macro   0x0000000000001367       0x50 Drivers/STM32F3xx_HAL_Driver/Src/stm32f3xx_hal.o
 .debug_macro   0x00000000000013b7      0xd40 Drivers/STM32F3xx_HAL_Driver/Src/stm32f3xx_hal.o
 .debug_macro   0x00000000000020f7    0x10bfc Drivers/STM32F3xx_HAL_Driver/Src/stm32f3xx_hal.o
 .debug_macro   0x0000000000012cf3       0x43 Drivers/STM32F3xx_HAL_Driver/Src/stm32f3xx_hal.o
 .debug_macro   0x0000000000012d36       0x5e Drivers/STM32F3xx_HAL_Driver/Src/stm32f3xx_hal.o
 .debug_macro   0x0000000000012d94       0x18 Drivers/STM32F3xx_HAL_Driver/Src/stm32f3xx_hal.o
 .debug_macro   0x0000000000012dac       0x35 Drivers/STM32F3xx_HAL_Driver/Src/stm32f3xx_hal.o
 .debug_macro   0x0000000000012de1       0x34 Drivers/STM32F3xx_HAL_Driver/Src/stm32f3xx_hal.o
 .debug_macro   0x0000000000012e15       0x16 Drivers/STM32F3xx_HAL_Driver/Src/stm32f3xx_hal.o
 .debug_macro   0x0000000000012e2b       0x97 Drivers/STM32F3xx_HAL_Driver/Src/stm32f3xx_hal.o
 .debug_macro   0x0000000000012ec2      0x330 Drivers/STM32F3xx_HAL_Driver/Src/stm32f3xx_hal.o
 .debug_macro   0x00000000000131f2       0xfd Drivers/STM32F3xx_HAL_Driver/Src/stm32f3xx_hal.o
 .debug_macro   0x00000000000132ef       0x10 Drivers/STM32F3xx_HAL_Driver/Src/stm32f3xx_hal.o
 .debug_macro   0x00000000000132ff       0x58 Drivers/STM32F3xx_HAL_Driver/Src/stm32f3xx_hal.o
 .debug_macro   0x0000000000013357       0x1f Drivers/STM32F3xx_HAL_Driver/Src/stm32f3xx_hal.o
 .debug_macro   0x0000000000013376       0x43 Drivers/STM32F3xx_HAL_Driver/Src/stm32f3xx_hal.o
 .debug_macro   0x00000000000133b9       0x20 Drivers/STM32F3xx_HAL_Driver/Src/stm32f3xx_hal.o
 .debug_macro   0x00000000000133d9      0x18e Drivers/STM32F3xx_HAL_Driver/Src/stm32f3xx_hal.o
 .debug_macro   0x0000000000013567       0x10 Drivers/STM32F3xx_HAL_Driver/Src/stm32f3xx_hal.o
 .debug_macro   0x0000000000013577       0x1c Drivers/STM32F3xx_HAL_Driver/Src/stm32f3xx_hal.o
 .debug_macro   0x0000000000013593       0x52 Drivers/STM32F3xx_HAL_Driver/Src/stm32f3xx_hal.o
 .debug_macro   0x00000000000135e5       0x40 Drivers/STM32F3xx_HAL_Driver/Src/stm32f3xx_hal.o
 .debug_macro   0x0000000000013625       0x10 Drivers/STM32F3xx_HAL_Driver/Src/stm32f3xx_hal.o
 .debug_macro   0x0000000000013635       0x40 Drivers/STM32F3xx_HAL_Driver/Src/stm32f3xx_hal.o
 .debug_macro   0x0000000000013675       0xd7 Drivers/STM32F3xx_HAL_Driver/Src/stm32f3xx_hal.o
 .debug_macro   0x000000000001374c       0x1c Drivers/STM32F3xx_HAL_Driver/Src/stm32f3xx_hal.o
 .debug_macro   0x0000000000013768       0x3d Drivers/STM32F3xx_HAL_Driver/Src/stm32f3xx_hal.o
 .debug_macro   0x00000000000137a5       0x16 Drivers/STM32F3xx_HAL_Driver/Src/stm32f3xx_hal.o
 .debug_macro   0x00000000000137bb      0x16f Drivers/STM32F3xx_HAL_Driver/Src/stm32f3xx_hal.o
 .debug_macro   0x000000000001392a       0x49 Drivers/STM32F3xx_HAL_Driver/Src/stm32f3xx_hal.o
 .debug_macro   0x0000000000013973      0x8ff Drivers/STM32F3xx_HAL_Driver/Src/stm32f3xx_hal.o
 .debug_macro   0x0000000000014272      0x304 Drivers/STM32F3xx_HAL_Driver/Src/stm32f3xx_hal.o
 .debug_macro   0x0000000000014576      0x13a Drivers/STM32F3xx_HAL_Driver/Src/stm32f3xx_hal.o
 .debug_macro   0x00000000000146b0      0x11b Drivers/STM32F3xx_HAL_Driver/Src/stm32f3xx_hal.o
 .debug_macro   0x00000000000147cb      0x1bc Drivers/STM32F3xx_HAL_Driver/Src/stm32f3xx_hal.o
 .debug_macro   0x0000000000014987       0x34 Drivers/STM32F3xx_HAL_Driver/Src/stm32f3xx_hal.o
 .debug_macro   0x00000000000149bb       0x3c Drivers/STM32F3xx_HAL_Driver/Src/stm32f3xx_hal.o
 .debug_macro   0x00000000000149f7       0x57 Drivers/STM32F3xx_HAL_Driver/Src/stm32f3xx_hal.o
 .debug_macro   0x0000000000014a4e       0xcb Drivers/STM32F3xx_HAL_Driver/Src/stm32f3xx_hal.o
 .debug_macro   0x0000000000014b19      0x1a0 Drivers/STM32F3xx_HAL_Driver/Src/stm32f3xx_hal.o
 .debug_macro   0x0000000000014cb9      0x202 Drivers/STM32F3xx_HAL_Driver/Src/stm32f3xx_hal.o
 .debug_macro   0x0000000000014ebb       0x5b Drivers/STM32F3xx_HAL_Driver/Src/stm32f3xx_hal.o
 .debug_macro   0x0000000000014f16       0x90 Drivers/STM32F3xx_HAL_Driver/Src/stm32f3xx_hal.o
 .debug_macro   0x0000000000014fa6       0x82 Drivers/STM32F3xx_HAL_Driver/Src/stm32f3xx_hal.o
 .debug_macro   0x0000000000015028       0xd3 Drivers/STM32F3xx_HAL_Driver/Src/stm32f3xx_hal.o
 .debug_macro   0x00000000000150fb      0x6af Drivers/STM32F3xx_HAL_Driver/Src/stm32f3xx_hal.o
 .debug_macro   0x00000000000157aa      0x328 Drivers/STM32F3xx_HAL_Driver/Src/stm32f3xx_hal.o
 .debug_macro   0x0000000000015ad2      0x566 Drivers/STM32F3xx_HAL_Driver/Src/stm32f3xx_hal.o
 .debug_macro   0x0000000000016038       0x31 Drivers/STM32F3xx_HAL_Driver/Src/stm32f3xx_hal.o
 .debug_macro   0x0000000000016069      0x27c Drivers/STM32F3xx_HAL_Driver/Src/stm32f3xx_hal.o
 .debug_macro   0x00000000000162e5      0x321 Drivers/STM32F3xx_HAL_Driver/Src/stm32f3xx_hal_cortex.o
 .debug_macro   0x0000000000016606      0x321 Drivers/STM32F3xx_HAL_Driver/Src/stm32f3xx_hal_dma.o
 .debug_macro   0x0000000000016927      0x359 Drivers/STM32F3xx_HAL_Driver/Src/stm32f3xx_hal_gpio.o
 .debug_macro   0x0000000000016c80      0x321 Drivers/STM32F3xx_HAL_Driver/Src/stm32f3xx_hal_i2c_ex.o
 .debug_macro   0x0000000000016fa1      0x345 Drivers/STM32F3xx_HAL_Driver/Src/stm32f3xx_hal_rcc.o
 .debug_macro   0x00000000000172e6      0x321 Drivers/STM32F3xx_HAL_Driver/Src/stm32f3xx_hal_tim.o
 .debug_macro   0x0000000000017607      0x32d Drivers/STM32F3xx_HAL_Driver/Src/stm32f3xx_hal_tim_ex.o
 .debug_macro   0x0000000000017934      0x329 Drivers/STM32F3xx_HAL_Driver/Src/stm32f3xx_hal_uart.o
 .debug_macro   0x0000000000017c5d      0x321 Drivers/STM32F3xx_HAL_Driver/Src/stm32f3xx_hal_uart_ex.o
 .debug_macro   0x0000000000017f7e      0x1b4 Inc/time.o
 .debug_macro   0x0000000000018132      0x334 Src/main.o
 .debug_macro   0x0000000000018466      0xd40 Src/main.o
 .debug_macro   0x00000000000191a6       0x97 Src/main.o
 .debug_macro   0x000000000001923d      0x104 Src/main.o
 .debug_macro   0x0000000000019341      0x137 Src/main.o
 .debug_macro   0x0000000000019478      0x4c3 Src/mainpp.o
 .debug_macro   0x000000000001993b       0x10 Src/mainpp.o
 .debug_macro   0x000000000001994b       0x10 Src/mainpp.o
 .debug_macro   0x000000000001995b       0x1c Src/mainpp.o
 .debug_macro   0x0000000000019977       0xde Src/mainpp.o
 .debug_macro   0x0000000000019a55      0x3cd Src/mainpp.o
 .debug_macro   0x0000000000019e22       0x10 Src/mainpp.o
 .debug_macro   0x0000000000019e32       0x3b Src/mainpp.o
 .debug_macro   0x0000000000019e6d       0x1c Src/mainpp.o
 .debug_macro   0x0000000000019e89      0x321 Src/stm32f3xx_hal_msp.o
 .debug_macro   0x000000000001a1aa      0x32b Src/stm32f3xx_it.o
 .debug_macro   0x000000000001a4d5      0x243 Src/syscalls.o
 .debug_macro   0x000000000001a718      0x174 Src/syscalls.o
 .debug_macro   0x000000000001a88c       0x10 Src/syscalls.o
 .debug_macro   0x000000000001a89c       0x35 Src/syscalls.o
 .debug_macro   0x000000000001a8d1       0x10 Src/syscalls.o
 .debug_macro   0x000000000001a8e1       0x10 Src/syscalls.o
 .debug_macro   0x000000000001a8f1       0x35 Src/syscalls.o
 .debug_macro   0x000000000001a926      0x122 Src/syscalls.o
 .debug_macro   0x000000000001aa48       0x10 Src/syscalls.o
 .debug_macro   0x000000000001aa58      0x241 Src/syscalls.o
 .debug_macro   0x000000000001ac99       0x10 Src/syscalls.o
 .debug_macro   0x000000000001aca9      0x189 Src/syscalls.o
 .debug_macro   0x000000000001ae32       0x16 Src/syscalls.o
 .debug_macro   0x000000000001ae48       0x88 Src/syscalls.o
 .debug_macro   0x000000000001aed0      0x327 Src/system_stm32f3xx.o

.debug_line     0x0000000000000000     0xd3a6
 .debug_line    0x0000000000000000      0x960 Drivers/STM32F3xx_HAL_Driver/Src/stm32f3xx_hal.o
 .debug_line    0x0000000000000960      0x9d5 Drivers/STM32F3xx_HAL_Driver/Src/stm32f3xx_hal_cortex.o
 .debug_line    0x0000000000001335      0xb5e Drivers/STM32F3xx_HAL_Driver/Src/stm32f3xx_hal_dma.o
 .debug_line    0x0000000000001e93      0x985 Drivers/STM32F3xx_HAL_Driver/Src/stm32f3xx_hal_gpio.o
 .debug_line    0x0000000000002818      0x96c Drivers/STM32F3xx_HAL_Driver/Src/stm32f3xx_hal_i2c_ex.o
 .debug_line    0x0000000000003184      0xdd2 Drivers/STM32F3xx_HAL_Driver/Src/stm32f3xx_hal_rcc.o
 .debug_line    0x0000000000003f56     0x1abd Drivers/STM32F3xx_HAL_Driver/Src/stm32f3xx_hal_tim.o
 .debug_line    0x0000000000005a13      0xf46 Drivers/STM32F3xx_HAL_Driver/Src/stm32f3xx_hal_tim_ex.o
 .debug_line    0x0000000000006959     0x142a Drivers/STM32F3xx_HAL_Driver/Src/stm32f3xx_hal_uart.o
 .debug_line    0x0000000000007d83      0x945 Drivers/STM32F3xx_HAL_Driver/Src/stm32f3xx_hal_uart_ex.o
 .debug_line    0x00000000000086c8      0x78d Inc/time.o
 .debug_line    0x0000000000008e55      0x860 Src/main.o
 .debug_line    0x00000000000096b5     0x1de8 Src/mainpp.o
 .debug_line    0x000000000000b49d      0x87e Src/stm32f3xx_hal_msp.o
 .debug_line    0x000000000000bd1b      0x804 Src/stm32f3xx_it.o
 .debug_line    0x000000000000c51f      0x5fc Src/syscalls.o
 .debug_line    0x000000000000cb1b      0x80c Src/system_stm32f3xx.o
 .debug_line    0x000000000000d327       0x7f startup/startup_stm32f303x8.o

.debug_str      0x0000000000000000    0x8ce35
 .debug_str     0x0000000000000000    0x83d45 Drivers/STM32F3xx_HAL_Driver/Src/stm32f3xx_hal.o
                                      0x840aa (size before relaxing)
 .debug_str     0x0000000000083d45      0x2ce Drivers/STM32F3xx_HAL_Driver/Src/stm32f3xx_hal_cortex.o
                                      0x84072 (size before relaxing)
 .debug_str     0x0000000000084013      0x3a4 Drivers/STM32F3xx_HAL_Driver/Src/stm32f3xx_hal_dma.o
                                      0x83ddf (size before relaxing)
 .debug_str     0x00000000000843b7      0x2dc Drivers/STM32F3xx_HAL_Driver/Src/stm32f3xx_hal_gpio.o
                                      0x83d37 (size before relaxing)
 .debug_str     0x0000000000084693      0x36e Drivers/STM32F3xx_HAL_Driver/Src/stm32f3xx_hal_i2c_ex.o
                                      0x84016 (size before relaxing)
 .debug_str     0x0000000000084a01      0x3c9 Drivers/STM32F3xx_HAL_Driver/Src/stm32f3xx_hal_rcc.o
                                      0x83ecf (size before relaxing)
 .debug_str     0x0000000000084dca      0xf00 Drivers/STM32F3xx_HAL_Driver/Src/stm32f3xx_hal_tim.o
                                      0x84b74 (size before relaxing)
 .debug_str     0x0000000000085cca      0x5ae Drivers/STM32F3xx_HAL_Driver/Src/stm32f3xx_hal_tim_ex.o
                                      0x845d2 (size before relaxing)
 .debug_str     0x0000000000086278      0x92e Drivers/STM32F3xx_HAL_Driver/Src/stm32f3xx_hal_uart.o
                                      0x84665 (size before relaxing)
 .debug_str     0x0000000000086ba6       0xed Drivers/STM32F3xx_HAL_Driver/Src/stm32f3xx_hal_uart_ex.o
                                      0x83ff0 (size before relaxing)
 .debug_str     0x0000000000086c93     0x2e58 Inc/time.o
                                       0x978f (size before relaxing)
 .debug_str     0x0000000000089aeb      0x30c Src/main.o
                                      0x84dc8 (size before relaxing)
 .debug_str     0x0000000000089df7     0x1ddd Src/mainpp.o
                                      0x88a91 (size before relaxing)
 .debug_str     0x000000000008bbd4       0x25 Src/stm32f3xx_hal_msp.o
                                      0x844d0 (size before relaxing)
 .debug_str     0x000000000008bbf9       0x7c Src/stm32f3xx_it.o
                                      0x83ea0 (size before relaxing)
 .debug_str     0x000000000008bc75     0x1123 Src/syscalls.o
                                       0x85e0 (size before relaxing)
 .debug_str     0x000000000008cd98       0x6e Src/system_stm32f3xx.o
                                      0x83a68 (size before relaxing)
 .debug_str     0x000000000008ce06       0x2f startup/startup_stm32f303x8.o
                                         0x61 (size before relaxing)

.comment        0x0000000000000000       0x7f
 .comment       0x0000000000000000       0x7f Drivers/STM32F3xx_HAL_Driver/Src/stm32f3xx_hal.o
                                         0x80 (size before relaxing)
 .comment       0x000000000000007f       0x80 Drivers/STM32F3xx_HAL_Driver/Src/stm32f3xx_hal_cortex.o
 .comment       0x000000000000007f       0x80 Drivers/STM32F3xx_HAL_Driver/Src/stm32f3xx_hal_dma.o
 .comment       0x000000000000007f       0x80 Drivers/STM32F3xx_HAL_Driver/Src/stm32f3xx_hal_gpio.o
 .comment       0x000000000000007f       0x80 Drivers/STM32F3xx_HAL_Driver/Src/stm32f3xx_hal_i2c_ex.o
 .comment       0x000000000000007f       0x80 Drivers/STM32F3xx_HAL_Driver/Src/stm32f3xx_hal_rcc.o
 .comment       0x000000000000007f       0x80 Drivers/STM32F3xx_HAL_Driver/Src/stm32f3xx_hal_tim.o
 .comment       0x000000000000007f       0x80 Drivers/STM32F3xx_HAL_Driver/Src/stm32f3xx_hal_tim_ex.o
 .comment       0x000000000000007f       0x80 Drivers/STM32F3xx_HAL_Driver/Src/stm32f3xx_hal_uart.o
 .comment       0x000000000000007f       0x80 Drivers/STM32F3xx_HAL_Driver/Src/stm32f3xx_hal_uart_ex.o
 .comment       0x000000000000007f       0x80 Inc/time.o
 .comment       0x000000000000007f       0x80 Src/main.o
 .comment       0x000000000000007f       0x80 Src/mainpp.o
 .comment       0x000000000000007f       0x80 Src/stm32f3xx_hal_msp.o
 .comment       0x000000000000007f       0x80 Src/stm32f3xx_it.o
 .comment       0x000000000000007f       0x80 Src/syscalls.o
 .comment       0x000000000000007f       0x80 Src/system_stm32f3xx.o

.debug_frame    0x0000000000000000     0x2578
 .debug_frame   0x0000000000000000      0x198 Drivers/STM32F3xx_HAL_Driver/Src/stm32f3xx_hal.o
 .debug_frame   0x0000000000000198      0x138 Drivers/STM32F3xx_HAL_Driver/Src/stm32f3xx_hal_cortex.o
 .debug_frame   0x00000000000002d0      0x170 Drivers/STM32F3xx_HAL_Driver/Src/stm32f3xx_hal_dma.o
 .debug_frame   0x0000000000000440       0xf8 Drivers/STM32F3xx_HAL_Driver/Src/stm32f3xx_hal_gpio.o
 .debug_frame   0x0000000000000538       0xb0 Drivers/STM32F3xx_HAL_Driver/Src/stm32f3xx_hal_i2c_ex.o
 .debug_frame   0x00000000000005e8      0x170 Drivers/STM32F3xx_HAL_Driver/Src/stm32f3xx_hal_rcc.o
 .debug_frame   0x0000000000000758      0x9b4 Drivers/STM32F3xx_HAL_Driver/Src/stm32f3xx_hal_tim.o
 .debug_frame   0x000000000000110c      0x414 Drivers/STM32F3xx_HAL_Driver/Src/stm32f3xx_hal_tim_ex.o
 .debug_frame   0x0000000000001520      0x608 Drivers/STM32F3xx_HAL_Driver/Src/stm32f3xx_hal_uart.o
 .debug_frame   0x0000000000001b28       0xd0 Drivers/STM32F3xx_HAL_Driver/Src/stm32f3xx_hal_uart_ex.o
 .debug_frame   0x0000000000001bf8       0x98 Inc/time.o
 .debug_frame   0x0000000000001c90       0x58 Src/main.o
 .debug_frame   0x0000000000001ce8      0x3a8 Src/mainpp.o
 .debug_frame   0x0000000000002090       0x9c Src/stm32f3xx_hal_msp.o
 .debug_frame   0x000000000000212c       0x5c Src/stm32f3xx_it.o
 .debug_frame   0x0000000000002188      0x1a8 Src/syscalls.o
 .debug_frame   0x0000000000002330       0x3c Src/system_stm32f3xx.o
 .debug_frame   0x000000000000236c       0x20 /home/yamaguchi/Ac6/SystemWorkbench/plugins/fr.ac6.mcu.externaltools.arm-none.linux64_1.17.0.201812190825/tools/compiler/bin/../lib/gcc/arm-none-eabi/7.3.1/../../../../arm-none-eabi/lib/thumb/v7e-m/fpv4-sp/hard/libc_nano.a(lib_a-errno.o)
 .debug_frame   0x000000000000238c       0x2c /home/yamaguchi/Ac6/SystemWorkbench/plugins/fr.ac6.mcu.externaltools.arm-none.linux64_1.17.0.201812190825/tools/compiler/bin/../lib/gcc/arm-none-eabi/7.3.1/../../../../arm-none-eabi/lib/thumb/v7e-m/fpv4-sp/hard/libc_nano.a(lib_a-init.o)
 .debug_frame   0x00000000000023b8       0x28 /home/yamaguchi/Ac6/SystemWorkbench/plugins/fr.ac6.mcu.externaltools.arm-none.linux64_1.17.0.201812190825/tools/compiler/bin/../lib/gcc/arm-none-eabi/7.3.1/../../../../arm-none-eabi/lib/thumb/v7e-m/fpv4-sp/hard/libc_nano.a(lib_a-memcpy-stub.o)
 .debug_frame   0x00000000000023e0       0x20 /home/yamaguchi/Ac6/SystemWorkbench/plugins/fr.ac6.mcu.externaltools.arm-none.linux64_1.17.0.201812190825/tools/compiler/bin/../lib/gcc/arm-none-eabi/7.3.1/../../../../arm-none-eabi/lib/thumb/v7e-m/fpv4-sp/hard/libc_nano.a(lib_a-realloc.o)
 .debug_frame   0x0000000000002400       0x3c /home/yamaguchi/Ac6/SystemWorkbench/plugins/fr.ac6.mcu.externaltools.arm-none.linux64_1.17.0.201812190825/tools/compiler/bin/../lib/gcc/arm-none-eabi/7.3.1/../../../../arm-none-eabi/lib/thumb/v7e-m/fpv4-sp/hard/libc_nano.a(lib_a-nano-reallocr.o)
 .debug_frame   0x000000000000243c       0x38 /home/yamaguchi/Ac6/SystemWorkbench/plugins/fr.ac6.mcu.externaltools.arm-none.linux64_1.17.0.201812190825/tools/compiler/bin/../lib/gcc/arm-none-eabi/7.3.1/../../../../arm-none-eabi/lib/thumb/v7e-m/fpv4-sp/hard/libc_nano.a(lib_a-nano-freer.o)
 .debug_frame   0x0000000000002474       0x2c /home/yamaguchi/Ac6/SystemWorkbench/plugins/fr.ac6.mcu.externaltools.arm-none.linux64_1.17.0.201812190825/tools/compiler/bin/../lib/gcc/arm-none-eabi/7.3.1/../../../../arm-none-eabi/lib/thumb/v7e-m/fpv4-sp/hard/libc_nano.a(lib_a-nano-mallocr.o)
 .debug_frame   0x00000000000024a0       0x20 /home/yamaguchi/Ac6/SystemWorkbench/plugins/fr.ac6.mcu.externaltools.arm-none.linux64_1.17.0.201812190825/tools/compiler/bin/../lib/gcc/arm-none-eabi/7.3.1/../../../../arm-none-eabi/lib/thumb/v7e-m/fpv4-sp/hard/libc_nano.a(lib_a-nano-msizer.o)
 .debug_frame   0x00000000000024c0       0x2c /home/yamaguchi/Ac6/SystemWorkbench/plugins/fr.ac6.mcu.externaltools.arm-none.linux64_1.17.0.201812190825/tools/compiler/bin/../lib/gcc/arm-none-eabi/7.3.1/../../../../arm-none-eabi/lib/thumb/v7e-m/fpv4-sp/hard/libc_nano.a(lib_a-sbrkr.o)
 .debug_frame   0x00000000000024ec       0x30 /home/yamaguchi/Ac6/SystemWorkbench/plugins/fr.ac6.mcu.externaltools.arm-none.linux64_1.17.0.201812190825/tools/compiler/bin/../lib/gcc/arm-none-eabi/7.3.1/../../../../arm-none-eabi/lib/thumb/v7e-m/fpv4-sp/hard/libc_nano.a(lib_a-mlock.o)
 .debug_frame   0x000000000000251c       0x5c /home/yamaguchi/Ac6/SystemWorkbench/plugins/fr.ac6.mcu.externaltools.arm-none.linux64_1.17.0.201812190825/tools/compiler/bin/../lib/gcc/arm-none-eabi/7.3.1/../../../../arm-none-eabi/lib/thumb/v7e-m/fpv4-sp/hard/libc_nano.a(lib_a-reent.o)
